Component: Arm Compiler for Embedded 6.22 Tool: armlink [5ee90200]

==============================================================================

Section Cross References

    main.o(.text) refers to fcmple.o(.text) for __aeabi_fcmple
    main.o(.text) refers to fadd.o(.text) for __aeabi_fsub
    main.o(.text) refers to fmul.o(.text) for __aeabi_fmul
    main.o(.text) refers to fcmpgt.o(.text) for __aeabi_fcmpgt
    main.o(.text) refers to fcmplt.o(.text) for __aeabi_fcmplt
    main.o(.text) refers to fdiv.o(.text) for __aeabi_fdiv
    main.o(.text) refers to main.o(.bss.iBug) for iBug
    main.o(.text) refers to setup.o(.text) for ConfigRead
    main.o(.text) refers to system_gd32f1x0.o(.text) for SystemCoreClockUpdate
    main.o(.text) refers to system_gd32f1x0.o(.data.SystemCoreClock) for SystemCoreClock
    main.o(.text) refers to gd32f1x0_gpio.o(.text) for gpio_bit_write
    main.o(.text) refers to bldcsine.o(.text) for InitBldc
    main.o(.text) refers to gd32f1x0_fwdgt.o(.text) for fwdgt_counter_reload
    main.o(.text) refers to bldc.o(.bss.buzzerFreq) for buzzerFreq
    main.o(.text) refers to it.o(.text) for Delay
    main.o(.text) refers to main.o(.data.g_Kp) for g_Kp
    main.o(.text) refers to main.o(.bss.g_Ki) for g_Ki
    main.o(.text) refers to main.o(.bss.g_Kd) for g_Kd
    main.o(.text) refers to main.o(.bss.pid_speed) for pid_speed
    main.o(.text) refers to main.o(.bss.iTimeNextLoop) for iTimeNextLoop
    main.o(.text) refers to main.o(.bss.speed) for speed
    main.o(.text) refers to main.o(.bss.steerCounter) for steerCounter
    main.o(.text) refers to remoteuart.o(.text) for RemoteUpdate
    main.o(.text) refers to fflti.o(.text) for __aeabi_i2f
    main.o(.text) refers to main.o(.bss.last_update_tick) for last_update_tick
    main.o(.text) refers to ffltui.o(.text) for __aeabi_ui2f
    main.o(.text) refers to bldc.o(.bss.iOdom) for iOdom
    main.o(.text) refers to main.o(.bss.last_odom) for last_odom
    main.o(.text) refers to main.o(.bss.filtered_speed) for filtered_speed
    main.o(.text) refers to main.o(.bss.pid_output_speed) for pid_output_speed
    main.o(.text) refers to main.o(.bss.meanspeed) for meanspeed
    main.o(.text) refers to main.o(.bss.speedShutoff) for speedShutoff
    main.o(.text) refers to f2d.o(.text) for __aeabi_f2d
    main.o(.text) refers to dmul.o(.text) for __aeabi_dmul
    main.o(.text) refers to ddiv.o(.text) for __aeabi_ddiv
    main.o(.text) refers to dadd.o(.text) for __aeabi_dadd
    main.o(.text) refers to d2f.o(.text) for __aeabi_d2f
    main.o(.text) refers to main.o(.data.speedLimit) for speedLimit
    main.o(.text) refers to ffixi.o(.text) for __aeabi_f2iz
    main.o(.text) refers to main.o(.bss.steer) for steer
    main.o(.text) refers to main.o(.rodata.lookUpTableAngle) for lookUpTableAngle
    main.o(.text) refers to main.o(.bss.pwmSlave) for pwmSlave
    main.o(.text) refers to bldc.o(.text) for SetPWM
    main.o(.text) refers to bldc.o(.data.batteryVoltage) for batteryVoltage
    main.o(.text) refers to main.o(.data.wState) for wState
    main.o(.text) refers to main.o(.data.beepsBackwards) for beepsBackwards
    main.o(.text) refers to bldc.o(.bss.buzzerPattern) for buzzerPattern
    main.o(.text) refers to main.o(.bss.inactivity_timeout_counter) for inactivity_timeout_counter
    main.o(.text) refers to main.o(.bss.enable) for enable
    main.o(.ARM.exidx) refers to main.o(.text) for [Anonymous Symbol]
    bldc.o(.text) refers to bldc.o(.rodata..L__const.up_or_down.up_down) for .L__const.up_or_down.up_down
    bldc.o(.text) refers to bldc.o(.bss.bldc_enable) for bldc_enable
    bldc.o(.text) refers to dflti.o(.text) for __aeabi_i2d
    bldc.o(.text) refers to ddiv.o(.text) for __aeabi_ddiv
    bldc.o(.text) refers to dmul.o(.text) for __aeabi_dmul
    bldc.o(.text) refers to dfixi.o(.text) for __aeabi_d2iz
    bldc.o(.text) refers to bldc.o(.bss.bldc_inputFilterPwm) for bldc_inputFilterPwm
    bldc.o(.text) refers to bldc.o(.data.iFILTER_SHIFT) for iFILTER_SHIFT
    bldc.o(.text) refers to bldc.o(.bss.bldc_outputFilterPwm) for bldc_outputFilterPwm
    bldc.o(.text) refers to bldc.o(.bss.filter_reg) for filter_reg
    bldc.o(.text) refers to bldc.o(.bss.offsetcount) for offsetcount
    bldc.o(.text) refers to bldc.o(.bss.adc_buffer) for adc_buffer
    bldc.o(.text) refers to bldc.o(.data.offsetdc) for offsetdc
    bldc.o(.text) refers to bldc.o(.bss.buzzerTimer) for buzzerTimer
    bldc.o(.text) refers to bldc.o(.data.batteryVoltage) for batteryVoltage
    bldc.o(.text) refers to f2d.o(.text) for __aeabi_f2d
    bldc.o(.text) refers to dfltui.o(.text) for __aeabi_ui2d
    bldc.o(.text) refers to dadd.o(.text) for __aeabi_dadd
    bldc.o(.text) refers to d2f.o(.text) for __aeabi_d2f
    bldc.o(.text) refers to bldc.o(.bss.buzzerFreq) for buzzerFreq
    bldc.o(.text) refers to bldc.o(.bss.buzzerPattern) for buzzerPattern
    bldc.o(.text) refers to gd32f1x0_gpio.o(.text) for gpio_bit_write
[...]
    Removing remoteuartbus.o(.text), (0 bytes).
    Removing commsmasterslave.o(.text), (0 bytes).
    Removing commsmasterslave.o(.bss.mosfetOutMaster), (1 bytes).
    Removing commsmasterslave.o(.bss.beepsBackwardsMaster), (1 bytes).
    Removing remoteadc.o(.text), (0 bytes).
    Removing remoteautodetect.o(.text), (0 bytes).
    Removing remoteautodetect.o(.bss.i), (2 bytes).
    Removing gd32f1x0_adc.o(.ARM.exidx), (256 bytes).
    Removing gd32f1x0_dbg.o(.text), (128 bytes).
    Removing gd32f1x0_dbg.o(.ARM.exidx), (48 bytes).
    Removing gd32f1x0_dma.o(.ARM.exidx), (216 bytes).
    Removing gd32f1x0_exti.o(.ARM.exidx), (96 bytes).
    Removing gd32f1x0_fmc.o(.ARM.exidx), (216 bytes).
    Removing gd32f1x0_fwdgt.o(.ARM.exidx), (48 bytes).
    Removing gd32f1x0_gpio.o(.ARM.exidx), (104 bytes).
    Removing gd32f1x0_i2c.o(.text), (802 bytes).
    Removing gd32f1x0_i2c.o(.ARM.exidx), (248 bytes).
    Removing gd32f1x0_misc.o(.ARM.exidx), (56 bytes).
    Removing gd32f1x0_opa.o(.text), (0 bytes).
    Removing gd32f1x0_pmu.o(.text), (490 bytes).
    Removing gd32f1x0_pmu.o(.ARM.exidx), (96 bytes).
    Removing gd32f1x0_pmu.o(.bss.pmu_to_deepsleepmode.reg_snap.0), (4 bytes).
    Removing gd32f1x0_pmu.o(.bss.pmu_to_deepsleepmode.reg_snap.1), (4 bytes).
    Removing gd32f1x0_pmu.o(.bss.pmu_to_deepsleepmode.reg_snap.2), (4 bytes).
    Removing gd32f1x0_pmu.o(.bss.pmu_to_deepsleepmode.reg_snap.3), (4 bytes).
    Removing gd32f1x0_rcu.o(.ARM.exidx), (336 bytes).
    Removing gd32f1x0_syscfg.o(.ARM.exidx), (72 bytes).
    Removing gd32f1x0_timer.o(.ARM.exidx), (568 bytes).
    Removing gd32f1x0_usart.o(.ARM.exidx), (544 bytes).
    Removing gd32f1x0_wwdgt.o(.text), (170 bytes).
    Removing gd32f1x0_wwdgt.o(.ARM.exidx), (56 bytes).
    Removing startup_gd32f1x0.o(HEAP), (1024 bytes).
    Removing system_gd32f1x0.o(.ARM.exidx), (16 bytes).

58 unused section(s) (total 6120 bytes) removed from the image.

==============================================================================

Image Symbol Table

    Local Symbols

    Symbol Name                              Value     Ov Type        Size  Object(Section)

    ../clib/microlib/init/entry.s            0x00000000   Number         0  entry.o ABSOLUTE
    ../clib/microlib/init/entry.s            0x00000000   Number         0  entry2.o ABSOLUTE
    ../clib/microlib/init/entry.s            0x00000000   Number         0  entry5.o ABSOLUTE
    ../clib/microlib/init/entry.s            0x00000000   Number         0  entry7a.o ABSOLUTE
    ../clib/microlib/init/entry.s            0x00000000   Number         0  entry7b.o ABSOLUTE
    ../clib/microlib/init/entry.s            0x00000000   Number         0  entry8a.o ABSOLUTE
    ../clib/microlib/init/entry.s            0x00000000   Number         0  entry8b.o ABSOLUTE
    ../clib/microlib/init/entry.s            0x00000000   Number         0  entry9a.o ABSOLUTE
    ../clib/microlib/init/entry.s            0x00000000   Number         0  entry9b.o ABSOLUTE
    ../clib/microlib/init/entry.s            0x00000000   Number         0  entry10a.o ABSOLUTE
    ../clib/microlib/init/entry.s            0x00000000   Number         0  entry10b.o ABSOLUTE
    ../clib/microlib/init/entry.s            0x00000000   Number         0  entry11a.o ABSOLUTE
    ../clib/microlib/init/entry.s            0x00000000   Number         0  entry11b.o ABSOLUTE
    ../clib/microlib/longlong.c              0x00000000   Number         0  llshl.o ABSOLUTE
    ../clib/microlib/longlong.c              0x00000000   Number         0  llushr.o ABSOLUTE
    ../clib/microlib/longlong.c              0x00000000   Number         0  llsshr.o ABSOLUTE
    ../clib/microlib/stubs.s                 0x00000000   Number         0  iusefp.o ABSOLUTE
    ../fplib/microlib/d2f.c                  0x00000000   Number         0  d2f.o ABSOLUTE
    ../fplib/microlib/f2d.c                  0x00000000   Number         0  f2d.o ABSOLUTE
    ../fplib/microlib/fpadd.c                0x00000000   Number         0  fadd.o ABSOLUTE
    ../fplib/microlib/fpadd.c                0x00000000   Number         0  dadd.o ABSOLUTE
    ../fplib/microlib/fpcmp.c                0x00000000   Number         0  fcmple.o ABSOLUTE
    ../fplib/microlib/fpcmp.c                0x00000000   Number         0  fcmplt.o ABSOLUTE
    ../fplib/microlib/fpcmp.c                0x00000000   Number         0  fcmpgt.o ABSOLUTE
    ../fplib/microlib/fpdiv.c                0x00000000   Number         0  fdiv.o ABSOLUTE
    ../fplib/microlib/fpdiv.c                0x00000000   Number         0  ddiv.o ABSOLUTE
    ../fplib/microlib/fpepilogue.c           0x00000000   Number         0  fepilogue.o ABSOLUTE
    ../fplib/microlib/fpepilogue.c           0x00000000   Number         0  depilogue.o ABSOLUTE
    ../fplib/microlib/fpfix.c                0x00000000   Number         0  ffixi.o ABSOLUTE
    ../fplib/microlib/fpfix.c                0x00000000   Number         0  dfixi.o ABSOLUTE
    ../fplib/microlib/fpflt.c                0x00000000   Number         0  fflti.o ABSOLUTE
    ../fplib/microlib/fpflt.c                0x00000000   Number         0  ffltui.o ABSOLUTE
    ../fplib/microlib/fpflt.c                0x00000000   Number         0  dflti.o ABSOLUTE
    ../fplib/microlib/fpflt.c                0x00000000   Number         0  dfltui.o ABSOLUTE
    ../fplib/microlib/fpmul.c                0x00000000   Number         0  fmul.o ABSOLUTE
    ../fplib/microlib/fpmul.c                0x00000000   Number         0  dmul.o ABSOLUTE
    RTE/Device/GD32F130C8/startup_gd32f1x0.s 0x00000000   Number         0  startup_gd32f1x0.o ABSOLUTE
    RemoteAdc.c                              0x00000000   Number         0  remoteadc.o ABSOLUTE
    RemoteAutodetect.c                       0x00000000   Number         0  remoteautodetect.o ABSOLUTE
    bldc.c                                   0x00000000   Number         0  bldc.o ABSOLUTE
    bldcBC.c                                 0x00000000   Number         0  bldcbc.o ABSOLUTE
    bldcSINE.c                               0x00000000   Number         0  bldcsine.o ABSOLUTE
    comms.c                                  0x00000000   Number         0  comms.o ABSOLUTE
    commsMasterSlave.c                       0x00000000   Number         0  commsmasterslave.o ABSOLUTE
    dc.s                                     0x00000000   Number         0  dc.o ABSOLUTE
    gd32f1x0_adc.c                           0x00000000   Number         0  gd32f1x0_adc.o ABSOLUTE
    gd32f1x0_dbg.c                           0x00000000   Number         0  gd32f1x0_dbg.o ABSOLUTE
    gd32f1x0_dma.c                           0x00000000   Number         0  gd32f1x0_dma.o ABSOLUTE
    gd32f1x0_exti.c                          0x00000000   Number         0  gd32f1x0_exti.o ABSOLUTE
    gd32f1x0_fmc.c                           0x00000000   Number         0  gd32f1x0_fmc.o ABSOLUTE
    gd32f1x0_fwdgt.c                         0x00000000   Number         0  gd32f1x0_fwdgt.o ABSOLUTE
    gd32f1x0_gpio.c                          0x00000000   Number         0  gd32f1x0_gpio.o ABSOLUTE
    gd32f1x0_i2c.c                           0x00000000   Number         0  gd32f1x0_i2c.o ABSOLUTE
    gd32f1x0_misc.c                          0x00000000   Number         0  gd32f1x0_misc.o ABSOLUTE
    gd32f1x0_opa.c                           0x00000000   Number         0  gd32f1x0_opa.o ABSOLUTE
    gd32f1x0_pmu.c                           0x00000000   Number         0  gd32f1x0_pmu.o ABSOLUTE
    gd32f1x0_rcu.c                           0x00000000   Number         0  gd32f1x0_rcu.o ABSOLUTE
    gd32f1x0_syscfg.c                        0x00000000   Number         0  gd32f1x0_syscfg.o ABSOLUTE
    gd32f1x0_timer.c                         0x00000000   Number         0  gd32f1x0_timer.o ABSOLUTE
    gd32f1x0_usart.c                         0x00000000   Number         0  gd32f1x0_usart.o ABSOLUTE
    gd32f1x0_wwdgt.c                         0x00000000   Number         0  gd32f1x0_wwdgt.o ABSOLUTE
    handlers.s                               0x00000000   Number         0  handlers.o ABSOLUTE
    init.s                                   0x00000000   Number         0  init.o ABSOLUTE
    it.c                                     0x00000000   Number         0  it.o ABSOLUTE
    led.c                                    0x00000000   Number         0  led.o ABSOLUTE
    main.c                                   0x00000000   Number         0  main.o ABSOLUTE
    remoteCrsf.c                             0x00000000   Number         0  remotecrsf.o ABSOLUTE
    remoteDummy.c                            0x00000000   Number         0  remotedummy.o ABSOLUTE
    remoteUart.c                             0x00000000   Number         0  remoteuart.o ABSOLUTE
    remoteUartBus.c                          0x00000000   Number         0  remoteuartbus.o ABSOLUTE
    setup.c                                  0x00000000   Number         0  setup.o ABSOLUTE
    system_gd32f1x0.c                        0x00000000   Number         0  system_gd32f1x0.o ABSOLUTE
    RESET                                    0x08000000   Section      360  startup_gd32f1x0.o(RESET)
    .ARM.Collect$$$$00000000                 0x08000168   Section        0  entry.o(.ARM.Collect$$$$00000000)
    .ARM.Collect$$$$00000001                 0x08000168   Section        4  entry2.o(.ARM.Collect$$$$00000001)
    .ARM.Collect$$$$00000004                 0x0800016c   Section        4  entry5.o(.ARM.Collect$$$$00000004)
    .ARM.Collect$$$$00000008                 0x08000170   Section        0  entry7b.o(.ARM.Collect$$$$00000008)
    .ARM.Collect$$$$0000000A                 0x08000170   Section        0  entry8b.o(.ARM.Collect$$$$0000000A)
    .ARM.Collect$$$$0000000B                 0x08000170   Section        8  entry9a.o(.ARM.Collect$$$$0000000B)
    __lit__00000000                          0x08000178   Data           4  entry2.o(.ARM.Collect$$$$00002712)
    .ARM.Collect$$$$0000000D                 0x08000178   Section        0  entry10a.o(.ARM.Collect$$$$0000000D)
    .ARM.Collect$$$$0000000F                 0x08000178   Section        0  entry11a.o(.ARM.Collect$$$$0000000F)
    .ARM.Collect$$$$00002712                 0x08000178   Section        4  entry2.o(.ARM.Collect$$$$00002712)
    [Anonymous Symbol]                       0x0800017c   Section        0  main.o(.text)
    [Anonymous Symbol]                       0x08000c54   Section        0  bldc.o(.text)
    [Anonymous Symbol]                       0x0800115c   Section        0  bldcsine.o(.text)
    [Anonymous Symbol]                       0x08001518   Section        0  setup.o(.text)
    [Anonymous Symbol]                       0x08001e48   Section        0  it.o(.text)
    [Anonymous Symbol]                       0x08001ff0   Section        0  comms.o(.text)
    [Anonymous Symbol]                       0x0800206c   Section        0  remoteuart.o(.text)
    [Anonymous Symbol]                       0x08002228   Section        0  gd32f1x0_adc.o(.text)
    [Anonymous Symbol]                       0x080027d0   Section        0  gd32f1x0_dma.o(.text)
    [Anonymous Symbol]                       0x08002b1c   Section        0  gd32f1x0_exti.o(.text)
    [Anonymous Symbol]                       0x08002c8c   Section        0  gd32f1x0_fmc.o(.text)
    [Anonymous Symbol]                       0x0800365c   Section        0  gd32f1x0_fwdgt.o(.text)
    [Anonymous Symbol]                       0x08003740   Section        0  gd32f1x0_gpio.o(.text)
    [Anonymous Symbol]                       0x080038d8   Section        0  gd32f1x0_misc.o(.text)
    [Anonymous Symbol]                       0x08003a04   Section        0  gd32f1x0_rcu.o(.text)
    [Anonymous Symbol]                       0x08004128   Section        0  gd32f1x0_syscfg.o(.text)
    [Anonymous Symbol]                       0x0800422c   Section        0  gd32f1x0_timer.o(.text)
    [Anonymous Symbol]                       0x08004f64   Section        0  gd32f1x0_usart.o(.text)
    .text                                    0x080055a4   Section       36  startup_gd32f1x0.o(.text)
    [Anonymous Symbol]                       0x080055c8   Section        0  system_gd32f1x0.o(.text)
    .text                                    0x08005704   Section        0  fadd.o(.text)
    .text                                    0x080057b4   Section        0  fmul.o(.text)
    .text                                    0x08005818   Section        0  fdiv.o(.text)
    .text                                    0x08005894   Section        0  dadd.o(.text)
    .text                                    0x080059e2   Section        0  dmul.o(.text)
    .text                                    0x08005ac6   Section        0  ddiv.o(.text)
    .text                                    0x08005ba4   Section        0  fcmple.o(.text)
    .text                                    0x08005bc0   Section        0  fcmplt.o(.text)
    .text                                    0x08005bdc   Section        0  fcmpgt.o(.text)
    .text                                    0x08005bf8   Section        0  fflti.o(.text)
    .text                                    0x08005c0a   Section        0  ffltui.o(.text)
    .text                                    0x08005c14   Section        0  dflti.o(.text)
    .text                                    0x08005c36   Section        0  dfltui.o(.text)
    .text                                    0x08005c50   Section        0  ffixi.o(.text)
    .text                                    0x08005c82   Section        0  dfixi.o(.text)
    .text                                    0x08005cc0   Section        0  f2d.o(.text)
    .text                                    0x08005ce6   Section        0  d2f.o(.text)
    .text                                    0x08005d1e   Section        0  llshl.o(.text)
    .text                                    0x08005d3c   Section        0  llushr.o(.text)
    .text                                    0x08005d5c   Section        0  llsshr.o(.text)
    .text                                    0x08005d80   Section        0  iusefp.o(.text)
    .text                                    0x08005d80   Section        0  fepilogue.o(.text)
    .text                                    0x08005dee   Section        0  depilogue.o(.text)
    .text                                    0x08005ea8   Section       48  init.o(.text)
    i.__scatterload_copy                     0x08005ed8   Section       14  handlers.o(i.__scatterload_copy)
    i.__scatterload_null                     0x08005ee6   Section        2  handlers.o(i.__scatterload_null)
    i.__scatterload_zeroinit                 0x08005ee8   Section       14  handlers.o(i.__scatterload_zeroinit)
    .L__const.up_or_down.up_down             0x08005ef6   Data          12  bldc.o(.rodata..L__const.up_or_down.up_down)
    .Lswitch.table.gpio_deinit.1             0x08005f02   Data          12  gd32f1x0_gpio.o(.rodata..Lswitch.table.gpio_deinit.1)
    hall_to_sector                           0x08005f0e   Data           8  bldcsine.o(.rodata.cst8)
    [Anonymous Symbol]                       0x08005f0e   Section        0  bldcsine.o(.rodata.cst8)
    .L__const.rcu_clock_freq_get.apb2_exp    0x08005f16   Data           8  gd32f1x0_rcu.o(.rodata.cst8)
    sine_table                               0x080061fc   Data         720  bldcsine.o(.rodata.sine_table)
    [Anonymous Symbol]                       0x080061fc   Section        0  bldcsine.o(.rodata.sine_table)
    iReceivePos                              0x20000016   Data           2  remoteuart.o(.data.iReceivePos)
    [Anonymous Symbol]                       0x20000016   Section        0  remoteuart.o(.data.iReceivePos)
    aReceiveBuffer                           0x2000002c   Data          21  remoteuart.o(.bss.aReceiveBuffer)
    [Anonymous Symbol]                       0x2000002c   Section        0  remoteuart.o(.bss.aReceiveBuffer)
    STACK                                    0x200001d0   Section     1024  startup_gd32f1x0.o(STACK)

    Global Symbols

    Symbol Name                              Value     Ov Type        Size  Object(Section)

    BuildAttributes$$THM_ISAv4$P$D$K$B$S$PE$A:L22UL41UL21$X:L11$S22US41US21$IEEE1$IW$~IW$USESV6$~STKCKD$USESV7$~SHL$OTIME$ROPI$EBA8$MICROLIB$REQ8$PRES8$EABIv2 0x00000000   Number         0  anon$$obj.o ABSOLUTE
    __cpp_initialize__aeabi_                  - Undefined Weak Reference
    __cxa_finalize                            - Undefined Weak Reference
    __decompress                              - Undefined Weak Reference
    _clock_init                               - Undefined Weak Reference
    _microlib_exit                            - Undefined Weak Reference
    __Vectors_Size                           0x00000168   Number         0  startup_gd32f1x0.o ABSOLUTE
    __Vectors                                0x08000000   Data           4  startup_gd32f1x0.o(RESET)
    __Vectors_End                            0x08000168   Data           0  startup_gd32f1x0.o(RESET)
    __main                                   0x08000169   Thumb Code     0  entry.o(.ARM.Collect$$$$00000000)
    _main_stk                                0x08000169   Thumb Code     0  entry2.o(.ARM.Collect$$$$00000001)
    _main_scatterload                        0x0800016d   Thumb Code     0  entry5.o(.ARM.Collect$$$$00000004)
    __main_after_scatterload                 0x08000171   Thumb Code     0  entry5.o(.ARM.Collect$$$$00000004)
    _main_clock                              0x08000171   Thumb Code     0  entry7b.o(.ARM.Collect$$$$00000008)
    _main_cpp_init                           0x08000171   Thumb Code     0  entry8b.o(.ARM.Collect$$$$0000000A)
    _main_init                               0x08000171   Thumb Code     0  entry9a.o(.ARM.Collect$$$$0000000B)
    __rt_final_cpp                           0x08000179   Thumb Code     0  entry10a.o(.ARM.Collect$$$$0000000D)
    __rt_final_exit                          0x08000179   Thumb Code     0  entry11a.o(.ARM.Collect$$$$0000000F)
    PID_Init                                 0x0800017d   Thumb Code    14  main.o(.text)
    PID_Update                               0x0800018d   Thumb Code   166  main.o(.text)
    main                                     0x08000235   Thumb Code  2302  main.o(.text)
    ShutOff                                  0x08000b35   Thumb Code   132  main.o(.text)
    ShowBatteryState                         0x08000bb9   Thumb Code   156  main.o(.text)
    modulo                                   0x08000c55   Thumb Code    22  bldc.o(.text)
    up_or_down                               0x08000c6d   Thumb Code    66  bldc.o(.text)
    SetEnable                                0x08000cb1   Thumb Code    12  bldc.o(.text)
    SetPWM                                   0x08000cbd   Thumb Code    74  bldc.o(.text)
    SetFilter                                0x08000d09   Thumb Code    46  bldc.o(.text)
    CalculateBLDC                            0x08000d39   Thumb Code  1060  bldc.o(.text)
    InitEXTI                                 0x0800115d   Thumb Code    62  bldcsine.o(.text)
    InitBldc                                 0x0800119d   Thumb Code   146  bldcsine.o(.text)
    _HandleEXTI                              0x08001231   Thumb Code   188  bldcsine.o(.text)
    EXTI0_1_IRQHandler                       0x080012ed   Thumb Code     4  bldcsine.o(.text)
    EXTI2_3_IRQHandler                       0x080012f1   Thumb Code     4  bldcsine.o(.text)
    EXTI4_15_IRQHandler                      0x080012f5   Thumb Code     4  bldcsine.o(.text)
    bldc_get_pwm                             0x080012f9   Thumb Code   544  bldcsine.o(.text)
    pinMode                                  0x08001519   Thumb Code    42  setup.o(.text)
    pinModePull                              0x08001545   Thumb Code    40  setup.o(.text)
    Interrupt_init                           0x0800156d   Thumb Code     8  setup.o(.text)
    Watchdog_init                            0x08001575   Thumb Code    56  setup.o(.text)
    TimeoutTimer_init                        0x080015ad   Thumb Code    92  setup.o(.text)
    GPIO_init                                0x08001609   Thumb Code   764  setup.o(.text)
    PWM_init                                 0x08001905   Thumb Code   368  setup.o(.text)
    ADC_init                                 0x08001a75   Thumb Code   234  setup.o(.text)
    USART0_Init                              0x08001b61   Thumb Code   290  setup.o(.text)
    USART1_Init                              0x08001c85   Thumb Code     2  setup.o(.text)
    USART2_Init                              0x08001c89   Thumb Code     2  setup.o(.text)
    flashErase                               0x08001c8d   Thumb Code    28  setup.o(.text)
    flashRead                                0x08001ca9   Thumb Code     4  setup.o(.text)
    flashWrite                               0x08001cad   Thumb Code    38  setup.o(.text)
    flashWriteBuffer                         0x08001cd5   Thumb Code    64  setup.o(.text)
    flashReadBuffer                          0x08001d15   Thumb Code    34  setup.o(.text)
    ConfigReset                              0x08001d39   Thumb Code    38  setup.o(.text)
    ConfigWrite                              0x08001d61   Thumb Code   112  setup.o(.text)
    ConfigRead                               0x08001dd1   Thumb Code   120  setup.o(.text)
    SysTick_Handler                          0x08001e49   Thumb Code    16  it.o(.text)
    ResetTimeout                             0x08001e59   Thumb Code    14  it.o(.text)
    TIMER13_IRQHandler                       0x08001e69   Thumb Code    76  it.o(.text)
    TIMER0_BRK_UP_TRG_COM_IRQHandler         0x08001eb5   Thumb Code    88  it.o(.text)
    DMA_Channel0_IRQHandler                  0x08001f0d   Thumb Code    94  it.o(.text)
    DMA_Channel1_2_IRQHandler                0x08001f6d   Thumb Code    60  it.o(.text)
    millis                                   0x08001fa9   Thumb Code    12  it.o(.text)
    Delay                                    0x08001fb5   Thumb Code    28  it.o(.text)
    NMI_Handler                              0x08001fd1   Thumb Code     2  it.o(.text)
    HardFault_Handler                        0x08001fd5   Thumb Code     2  it.o(.text)
    MemManage_Handler                        0x08001fd9   Thumb Code     2  it.o(.text)
    BusFault_Handler                         0x08001fdd   Thumb Code     2  it.o(.text)
    UsageFault_Handler                       0x08001fe1   Thumb Code     2  it.o(.text)
    SVC_Handler                              0x08001fe5   Thumb Code     2  it.o(.text)
    DebugMon_Handler                         0x08001fe9   Thumb Code     2  it.o(.text)
    PendSV_Handler                           0x08001fed   Thumb Code     2  it.o(.text)
    SendBuffer                               0x08001ff1   Thumb Code    56  comms.o(.text)
    CalcCRC                                  0x08002029   Thumb Code    68  comms.o(.text)
    RemoteUpdate                             0x0800206d   Thumb Code   236  remoteuart.o(.text)
    RemoteCallback                           0x08002159   Thumb Code   208  remoteuart.o(.text)
    adc_deinit                               0x08002229   Thumb Code    22  gd32f1x0_adc.o(.text)
    adc_enable                               0x08002241   Thumb Code    26  gd32f1x0_adc.o(.text)
    adc_disable                              0x0800225d   Thumb Code    18  gd32f1x0_adc.o(.text)
    adc_calibration_enable                   0x08002271   Thumb Code    40  gd32f1x0_adc.o(.text)
    adc_dma_mode_enable                      0x08002299   Thumb Code    18  gd32f1x0_adc.o(.text)
    adc_dma_mode_disable                     0x080022ad   Thumb Code    18  gd32f1x0_adc.o(.text)
    adc_tempsensor_vrefint_enable            0x080022c1   Thumb Code    18  gd32f1x0_adc.o(.text)
    adc_tempsensor_vrefint_disable           0x080022d5   Thumb Code    18  gd32f1x0_adc.o(.text)
    adc_vbat_enable                          0x080022e9   Thumb Code    18  gd32f1x0_adc.o(.text)
    adc_vbat_disable                         0x080022fd   Thumb Code    18  gd32f1x0_adc.o(.text)
    adc_discontinuous_mode_config            0x08002311   Thumb Code    68  gd32f1x0_adc.o(.text)
    adc_special_function_config              0x08002355   Thumb Code   100  gd32f1x0_adc.o(.text)
    adc_data_alignment_config                0x080023b9   Thumb Code    26  gd32f1x0_adc.o(.text)
    adc_channel_length_config                0x080023d5   Thumb Code    82  gd32f1x0_adc.o(.text)
    adc_regular_channel_config               0x08002429   Thumb Code   180  gd32f1x0_adc.o(.text)
    adc_inserted_channel_config              0x080024dd   Thumb Code   114  gd32f1x0_adc.o(.text)
    adc_inserted_channel_offset_config       0x08002551   Thumb Code    32  gd32f1x0_adc.o(.text)
    adc_external_trigger_config              0x08002571   Thumb Code    72  gd32f1x0_adc.o(.text)
    adc_external_trigger_source_config       0x080025b9   Thumb Code    42  gd32f1x0_adc.o(.text)
    adc_software_trigger_enable              0x080025e5   Thumb Code    36  gd32f1x0_adc.o(.text)
    adc_regular_data_read                    0x08002609   Thumb Code    14  gd32f1x0_adc.o(.text)
    adc_inserted_data_read                   0x08002619   Thumb Code    74  gd32f1x0_adc.o(.text)
    adc_flag_get                             0x08002665   Thumb Code    18  gd32f1x0_adc.o(.text)
    adc_flag_clear                           0x08002679   Thumb Code    18  gd32f1x0_adc.o(.text)
    adc_interrupt_flag_get                   0x0800268d   Thumb Code    56  gd32f1x0_adc.o(.text)
    adc_interrupt_flag_clear                 0x080026c5   Thumb Code    18  gd32f1x0_adc.o(.text)
    adc_interrupt_enable                     0x080026d9   Thumb Code    48  gd32f1x0_adc.o(.text)
    adc_interrupt_disable                    0x08002709   Thumb Code    48  gd32f1x0_adc.o(.text)
    adc_watchdog_single_channel_enable       0x08002739   Thumb Code    42  gd32f1x0_adc.o(.text)
    adc_watchdog_group_channel_enable        0x08002765   Thumb Code    48  gd32f1x0_adc.o(.text)
    adc_watchdog_disable                     0x080027a1   Thumb Code    24  gd32f1x0_adc.o(.text)
    adc_watchdog_threshold_config            0x080027b9   Thumb Code    22  gd32f1x0_adc.o(.text)
    dma_deinit                               0x080027d1   Thumb Code    48  gd32f1x0_dma.o(.text)
    dma_struct_para_init                     0x08002801   Thumb Code    24  gd32f1x0_dma.o(.text)
    dma_init                                 0x08002819   Thumb Code   122  gd32f1x0_dma.o(.text)
    dma_circulation_enable                   0x08002895   Thumb Code    24  gd32f1x0_dma.o(.text)
    dma_circulation_disable                  0x080028ad   Thumb Code    24  gd32f1x0_dma.o(.text)
    dma_memory_to_memory_enable              0x080028c5   Thumb Code    24  gd32f1x0_dma.o(.text)
    dma_memory_to_memory_disable             0x080028dd   Thumb Code    24  gd32f1x0_dma.o(.text)
    dma_channel_enable                       0x080028f5   Thumb Code    24  gd32f1x0_dma.o(.text)
    dma_channel_disable                      0x0800290d   Thumb Code    24  gd32f1x0_dma.o(.text)
    dma_periph_address_config                0x08002925   Thumb Code    16  gd32f1x0_dma.o(.text)
    dma_memory_address_config                0x08002935   Thumb Code    16  gd32f1x0_dma.o(.text)
    dma_transfer_number_config               0x08002945   Thumb Code    16  gd32f1x0_dma.o(.text)
    dma_transfer_number_get                  0x08002955   Thumb Code    16  gd32f1x0_dma.o(.text)
    dma_priority_config                      0x08002965   Thumb Code    26  gd32f1x0_dma.o(.text)
    dma_memory_width_config                  0x08002981   Thumb Code    26  gd32f1x0_dma.o(.text)
    dma_periph_width_config                  0x0800299d   Thumb Code    26  gd32f1x0_dma.o(.text)
    dma_memory_increase_enable               0x080029b9   Thumb Code    24  gd32f1x0_dma.o(.text)
    dma_memory_increase_disable              0x080029d1   Thumb Code    24  gd32f1x0_dma.o(.text)
    dma_periph_increase_enable               0x080029e9   Thumb Code    24  gd32f1x0_dma.o(.text)
    dma_periph_increase_disable              0x08002a01   Thumb Code    24  gd32f1x0_dma.o(.text)
    dma_transfer_direction_config            0x08002a19   Thumb Code    30  gd32f1x0_dma.o(.text)
    dma_interrupt_flag_get                   0x08002a39   Thumb Code   116  gd32f1x0_dma.o(.text)
    dma_interrupt_flag_clear                 0x08002aad   Thumb Code    20  gd32f1x0_dma.o(.text)
    dma_interrupt_enable                     0x08002ac1   Thumb Code    22  gd32f1x0_dma.o(.text)
    dma_interrupt_disable                    0x08002ad9   Thumb Code    24  gd32f1x0_dma.o(.text)
    dma_flag_get                             0x08002af1   Thumb Code    22  gd32f1x0_dma.o(.text)
    dma_flag_clear                           0x08002b09   Thumb Code    20  gd32f1x0_dma.o(.text)
    exti_deinit                              0x08002b1d   Thumb Code    26  gd32f1x0_exti.o(.text)
    exti_init                                0x08002b39   Thumb Code   156  gd32f1x0_exti.o(.text)
    exti_interrupt_enable                    0x08002bd5   Thumb Code    16  gd32f1x0_exti.o(.text)
    exti_event_enable                        0x08002be5   Thumb Code    16  gd32f1x0_exti.o(.text)
    exti_interrupt_disable                   0x08002bf5   Thumb Code    18  gd32f1x0_exti.o(.text)
    exti_event_disable                       0x08002c09   Thumb Code    18  gd32f1x0_exti.o(.text)
    exti_flag_get                            0x08002c1d   Thumb Code    18  gd32f1x0_exti.o(.text)
    exti_flag_clear                          0x08002c31   Thumb Code    12  gd32f1x0_exti.o(.text)
    exti_interrupt_flag_get                  0x08002c3d   Thumb Code    32  gd32f1x0_exti.o(.text)
    exti_interrupt_flag_clear                0x08002c5d   Thumb Code    12  gd32f1x0_exti.o(.text)
    exti_software_interrupt_enable           0x08002c69   Thumb Code    16  gd32f1x0_exti.o(.text)
    exti_software_interrupt_disable          0x08002c79   Thumb Code    18  gd32f1x0_exti.o(.text)
    fmc_unlock                               0x08002c8d   Thumb Code    38  gd32f1x0_fmc.o(.text)
    fmc_lock                                 0x08002cb5   Thumb Code    18  gd32f1x0_fmc.o(.text)
    fmc_wscnt_set                            0x08002cc9   Thumb Code    20  gd32f1x0_fmc.o(.text)
    fmc_wait_state_enable                    0x08002cdd   Thumb Code    18  gd32f1x0_fmc.o(.text)
    fmc_wait_state_disable                   0x08002cf1   Thumb Code    18  gd32f1x0_fmc.o(.text)
    fmc_page_erase                           0x08002d05   Thumb Code   158  gd32f1x0_fmc.o(.text)
    fmc_mass_erase                           0x08002da5   Thumb Code   150  gd32f1x0_fmc.o(.text)
    fmc_word_program                         0x08002e3d   Thumb Code   150  gd32f1x0_fmc.o(.text)
    fmc_halfword_program                     0x08002ed5   Thumb Code   150  gd32f1x0_fmc.o(.text)
    ob_unlock                                0x08002f6d   Thumb Code    38  gd32f1x0_fmc.o(.text)
    ob_lock                                  0x08002f95   Thumb Code    18  gd32f1x0_fmc.o(.text)
    ob_reset                                 0x08002fa9   Thumb Code    18  gd32f1x0_fmc.o(.text)
    ob_erase                                 0x08002fbd   Thumb Code   294  gd32f1x0_fmc.o(.text)
    ob_obstat_plevel_get                     0x080030e5   Thumb Code    16  gd32f1x0_fmc.o(.text)
    ob_write_protection_enable               0x080030f5   Thumb Code   312  gd32f1x0_fmc.o(.text)
    ob_security_protection_config            0x0800322d   Thumb Code   304  gd32f1x0_fmc.o(.text)
    ob_user_write                            0x0800335d   Thumb Code   308  gd32f1x0_fmc.o(.text)
    ob_data_program                          0x08003491   Thumb Code   304  gd32f1x0_fmc.o(.text)
    ob_user_get                              0x080035c1   Thumb Code    16  gd32f1x0_fmc.o(.text)
    ob_data_get                              0x080035d1   Thumb Code    14  gd32f1x0_fmc.o(.text)
    ob_write_protection_get                  0x080035e1   Thumb Code    14  gd32f1x0_fmc.o(.text)
    fmc_interrupt_enable                     0x080035f1   Thumb Code    16  gd32f1x0_fmc.o(.text)
    fmc_interrupt_disable                    0x08003601   Thumb Code    18  gd32f1x0_fmc.o(.text)
    fmc_flag_get                             0x08003615   Thumb Code    18  gd32f1x0_fmc.o(.text)
    fmc_flag_clear                           0x08003629   Thumb Code    16  gd32f1x0_fmc.o(.text)
    fmc_interrupt_flag_get                   0x08003639   Thumb Code    18  gd32f1x0_fmc.o(.text)
    fmc_interrupt_flag_clear                 0x0800364d   Thumb Code    16  gd32f1x0_fmc.o(.text)
    fwdgt_write_disable                      0x0800365d   Thumb Code    14  gd32f1x0_fwdgt.o(.text)
    fwdgt_counter_reload                     0x0800366d   Thumb Code    16  gd32f1x0_fwdgt.o(.text)
    fwdgt_enable                             0x0800367d   Thumb Code    16  gd32f1x0_fwdgt.o(.text)
    fwdgt_window_value_config                0x0800368d   Thumb Code    58  gd32f1x0_fwdgt.o(.text)
    fwdgt_config                             0x080036c9   Thumb Code   100  gd32f1x0_fwdgt.o(.text)
    fwdgt_flag_get                           0x0800372d   Thumb Code    18  gd32f1x0_fwdgt.o(.text)
    gpio_deinit                              0x08003741   Thumb Code    58  gd32f1x0_gpio.o(.text)
    gpio_mode_set                            0x0800377d   Thumb Code    84  gd32f1x0_gpio.o(.text)
    gpio_output_options_set                  0x080037d1   Thumb Code    70  gd32f1x0_gpio.o(.text)
    gpio_bit_set                             0x08003819   Thumb Code     4  gd32f1x0_gpio.o(.text)
    gpio_bit_reset                           0x0800381d   Thumb Code     4  gd32f1x0_gpio.o(.text)
    gpio_bit_write                           0x08003821   Thumb Code    12  gd32f1x0_gpio.o(.text)
    gpio_port_write                          0x0800382d   Thumb Code     4  gd32f1x0_gpio.o(.text)
    gpio_input_bit_get                       0x08003831   Thumb Code    10  gd32f1x0_gpio.o(.text)
    gpio_input_port_get                      0x0800383d   Thumb Code     6  gd32f1x0_gpio.o(.text)
    gpio_output_bit_get                      0x08003845   Thumb Code    10  gd32f1x0_gpio.o(.text)
    gpio_output_port_get                     0x08003851   Thumb Code     6  gd32f1x0_gpio.o(.text)
    gpio_af_set                              0x08003859   Thumb Code   110  gd32f1x0_gpio.o(.text)
    gpio_pin_lock                            0x080038c9   Thumb Code    16  gd32f1x0_gpio.o(.text)
    nvic_priority_group_set                  0x080038d9   Thumb Code    20  gd32f1x0_misc.o(.text)
    nvic_irq_enable                          0x080038ed   Thumb Code   168  gd32f1x0_misc.o(.text)
    nvic_irq_disable                         0x08003995   Thumb Code    28  gd32f1x0_misc.o(.text)
    nvic_vector_table_set                    0x080039b1   Thumb Code    24  gd32f1x0_misc.o(.text)
    system_lowpower_set                      0x080039c9   Thumb Code    16  gd32f1x0_misc.o(.text)
    system_lowpower_reset                    0x080039d9   Thumb Code    18  gd32f1x0_misc.o(.text)
    systick_clksource_set                    0x080039ed   Thumb Code    24  gd32f1x0_misc.o(.text)
    rcu_deinit                               0x08003a05   Thumb Code   112  gd32f1x0_rcu.o(.text)
    rcu_periph_clock_enable                  0x08003a75   Thumb Code    30  gd32f1x0_rcu.o(.text)
    rcu_periph_clock_disable                 0x08003a95   Thumb Code    32  gd32f1x0_rcu.o(.text)
    rcu_periph_clock_sleep_enable            0x08003ab5   Thumb Code    30  gd32f1x0_rcu.o(.text)
    rcu_periph_clock_sleep_disable           0x08003ad5   Thumb Code    32  gd32f1x0_rcu.o(.text)
    rcu_periph_reset_enable                  0x08003af5   Thumb Code    30  gd32f1x0_rcu.o(.text)
    rcu_periph_reset_disable                 0x08003b15   Thumb Code    32  gd32f1x0_rcu.o(.text)
    rcu_bkp_reset_enable                     0x08003b35   Thumb Code    18  gd32f1x0_rcu.o(.text)
    rcu_bkp_reset_disable                    0x08003b49   Thumb Code    18  gd32f1x0_rcu.o(.text)
    rcu_system_clock_source_config           0x08003b5d   Thumb Code    20  gd32f1x0_rcu.o(.text)
    rcu_system_clock_source_get              0x08003b71   Thumb Code    16  gd32f1x0_rcu.o(.text)
    rcu_ahb_clock_config                     0x08003b81   Thumb Code    20  gd32f1x0_rcu.o(.text)
    rcu_apb1_clock_config                    0x08003b95   Thumb Code    20  gd32f1x0_rcu.o(.text)
    rcu_apb2_clock_config                    0x08003ba9   Thumb Code    20  gd32f1x0_rcu.o(.text)
    rcu_adc_clock_config                     0x08003bbd   Thumb Code    88  gd32f1x0_rcu.o(.text)
    rcu_usbd_clock_config                    0x08003c15   Thumb Code    24  gd32f1x0_rcu.o(.text)
    rcu_ckout_config                         0x08003c2d   Thumb Code    22  gd32f1x0_rcu.o(.text)
    rcu_pll_config                           0x08003c45   Thumb Code    40  gd32f1x0_rcu.o(.text)
    rcu_usart_clock_config                   0x08003c6d   Thumb Code    24  gd32f1x0_rcu.o(.text)
    rcu_cec_clock_config                     0x08003c85   Thumb Code    24  gd32f1x0_rcu.o(.text)
    rcu_rtc_clock_config                     0x08003c9d   Thumb Code    24  gd32f1x0_rcu.o(.text)
    rcu_hxtal_prediv_config                  0x08003cb5   Thumb Code    20  gd32f1x0_rcu.o(.text)
    rcu_lxtal_drive_capability_config        0x08003cc9   Thumb Code    24  gd32f1x0_rcu.o(.text)
    rcu_flag_get                             0x08003ce1   Thumb Code    26  gd32f1x0_rcu.o(.text)
    rcu_all_reset_flag_clear                 0x08003cfd   Thumb Code    18  gd32f1x0_rcu.o(.text)
    rcu_interrupt_flag_get                   0x08003d11   Thumb Code    18  gd32f1x0_rcu.o(.text)
    rcu_interrupt_flag_clear                 0x08003d25   Thumb Code    16  gd32f1x0_rcu.o(.text)
    rcu_interrupt_enable                     0x08003d35   Thumb Code    16  gd32f1x0_rcu.o(.text)
    rcu_interrupt_disable                    0x08003d45   Thumb Code    18  gd32f1x0_rcu.o(.text)
    rcu_osci_stab_wait                       0x08003d59   Thumb Code   312  gd32f1x0_rcu.o(.text)
    rcu_osci_on                              0x08003e91   Thumb Code    30  gd32f1x0_rcu.o(.text)
    rcu_osci_off                             0x08003eb1   Thumb Code    32  gd32f1x0_rcu.o(.text)
    rcu_osci_bypass_mode_enable              0x08003ed1   Thumb Code    64  gd32f1x0_rcu.o(.text)
    rcu_osci_bypass_mode_disable             0x08003f11   Thumb Code    64  gd32f1x0_rcu.o(.text)
    rcu_hxtal_clock_monitor_enable           0x08003f51   Thumb Code    18  gd32f1x0_rcu.o(.text)
    rcu_hxtal_clock_monitor_disable          0x08003f65   Thumb Code    18  gd32f1x0_rcu.o(.text)
    rcu_irc8m_adjust_value_set               0x08003f79   Thumb Code    22  gd32f1x0_rcu.o(.text)
    rcu_irc14m_adjust_value_set              0x08003f91   Thumb Code    22  gd32f1x0_rcu.o(.text)
    rcu_voltage_key_unlock                   0x08003fa9   Thumb Code    30  gd32f1x0_rcu.o(.text)
    rcu_deepsleep_voltage_set                0x08003fc9   Thumb Code    24  gd32f1x0_rcu.o(.text)
    rcu_power_down_voltage_set               0x08003fe1   Thumb Code    24  gd32f1x0_rcu.o(.text)
    rcu_clock_freq_get                       0x08003ff9   Thumb Code   288  gd32f1x0_rcu.o(.text)
    syscfg_deinit                            0x08004129   Thumb Code    22  gd32f1x0_syscfg.o(.text)
    syscfg_dma_remap_enable                  0x08004141   Thumb Code    14  gd32f1x0_syscfg.o(.text)
    syscfg_dma_remap_disable                 0x08004151   Thumb Code    16  gd32f1x0_syscfg.o(.text)
    syscfg_high_current_enable               0x08004161   Thumb Code    16  gd32f1x0_syscfg.o(.text)
    syscfg_high_current_disable              0x08004171   Thumb Code    16  gd32f1x0_syscfg.o(.text)
    syscfg_exti_line_config                  0x08004181   Thumb Code   124  gd32f1x0_syscfg.o(.text)
    syscfg_lock_config                       0x080041fd   Thumb Code    14  gd32f1x0_syscfg.o(.text)
    syscfg_flag_get                          0x0800420d   Thumb Code    16  gd32f1x0_syscfg.o(.text)
    syscfg_flag_clear                        0x0800421d   Thumb Code    14  gd32f1x0_syscfg.o(.text)
    timer_deinit                             0x0800422d   Thumb Code   194  gd32f1x0_timer.o(.text)
    timer_struct_para_init                   0x080042f1   Thumb Code    16  gd32f1x0_timer.o(.text)
    timer_init                               0x08004301   Thumb Code   212  gd32f1x0_timer.o(.text)
    timer_enable                             0x080043d5   Thumb Code    10  gd32f1x0_timer.o(.text)
    timer_disable                            0x080043e1   Thumb Code    10  gd32f1x0_timer.o(.text)
    timer_auto_reload_shadow_enable          0x080043ed   Thumb Code    10  gd32f1x0_timer.o(.text)
    timer_auto_reload_shadow_disable         0x080043f9   Thumb Code    10  gd32f1x0_timer.o(.text)
    timer_update_event_enable                0x08004405   Thumb Code    10  gd32f1x0_timer.o(.text)
    timer_update_event_disable               0x08004411   Thumb Code    10  gd32f1x0_timer.o(.text)
    timer_counter_alignment                  0x0800441d   Thumb Code    16  gd32f1x0_timer.o(.text)
    timer_counter_up_direction               0x0800442d   Thumb Code    10  gd32f1x0_timer.o(.text)
    timer_counter_down_direction             0x08004439   Thumb Code    10  gd32f1x0_timer.o(.text)
    timer_prescaler_config                   0x08004445   Thumb Code    18  gd32f1x0_timer.o(.text)
    timer_repetition_value_config            0x08004459   Thumb Code     4  gd32f1x0_timer.o(.text)
    timer_autoreload_value_config            0x0800445d   Thumb Code     4  gd32f1x0_timer.o(.text)
    timer_counter_value_config               0x08004461   Thumb Code     4  gd32f1x0_timer.o(.text)
    timer_counter_read                       0x08004465   Thumb Code     4  gd32f1x0_timer.o(.text)
    timer_prescaler_read                     0x08004469   Thumb Code     6  gd32f1x0_timer.o(.text)
    timer_single_pulse_mode_config           0x08004471   Thumb Code    30  gd32f1x0_timer.o(.text)
    timer_update_source_config               0x08004491   Thumb Code    30  gd32f1x0_timer.o(.text)
    timer_ocpre_clear_source_config          0x080044b1   Thumb Code    28  gd32f1x0_timer.o(.text)
    timer_interrupt_enable                   0x080044cd   Thumb Code     8  gd32f1x0_timer.o(.text)
    timer_interrupt_disable                  0x080044d5   Thumb Code    10  gd32f1x0_timer.o(.text)
    timer_interrupt_flag_get                 0x080044e1   Thumb Code    22  gd32f1x0_timer.o(.text)
    timer_interrupt_flag_clear               0x080044f9   Thumb Code     6  gd32f1x0_timer.o(.text)
    timer_flag_get                           0x08004501   Thumb Code    10  gd32f1x0_timer.o(.text)
    timer_flag_clear                         0x0800450d   Thumb Code     6  gd32f1x0_timer.o(.text)
    timer_dma_enable                         0x08004515   Thumb Code     8  gd32f1x0_timer.o(.text)
    timer_dma_disable                        0x0800451d   Thumb Code    10  gd32f1x0_timer.o(.text)
    timer_channel_dma_request_source_select  0x08004529   Thumb Code    30  gd32f1x0_timer.o(.text)
    timer_dma_transfer_config                0x08004549   Thumb Code    24  gd32f1x0_timer.o(.text)
    timer_event_software_generate            0x08004561   Thumb Code     8  gd32f1x0_timer.o(.text)
    timer_break_struct_para_init             0x08004569   Thumb Code    16  gd32f1x0_timer.o(.text)
    timer_break_config                       0x08004579   Thumb Code    36  gd32f1x0_timer.o(.text)
    timer_break_enable                       0x0800459d   Thumb Code    10  gd32f1x0_timer.o(.text)
    timer_break_disable                      0x080045a9   Thumb Code    10  gd32f1x0_timer.o(.text)
    timer_automatic_output_enable            0x080045b5   Thumb Code    10  gd32f1x0_timer.o(.text)
    timer_automatic_output_disable           0x080045c1   Thumb Code    10  gd32f1x0_timer.o(.text)
    timer_primary_output_config              0x080045cd   Thumb Code    18  gd32f1x0_timer.o(.text)
    timer_channel_control_shadow_config      0x080045e1   Thumb Code    16  gd32f1x0_timer.o(.text)
    timer_channel_control_shadow_update_config 0x080045f1   Thumb Code    30  gd32f1x0_timer.o(.text)
    timer_channel_output_struct_para_init    0x08004611   Thumb Code    12  gd32f1x0_timer.o(.text)
    timer_channel_output_config              0x0800461d   Thumb Code   550  gd32f1x0_timer.o(.text)
    timer_channel_output_mode_config         0x08004845   Thumb Code    56  gd32f1x0_timer.o(.text)
    timer_channel_output_pulse_value_config  0x0800487d   Thumb Code    16  gd32f1x0_timer.o(.text)
    timer_channel_output_shadow_config       0x0800488d   Thumb Code    56  gd32f1x0_timer.o(.text)
    timer_channel_output_fast_config         0x080048c5   Thumb Code    56  gd32f1x0_timer.o(.text)
    timer_channel_output_clear_config        0x080048fd   Thumb Code    56  gd32f1x0_timer.o(.text)
    timer_channel_output_polarity_config     0x08004935   Thumb Code    68  gd32f1x0_timer.o(.text)
    timer_channel_complementary_output_polarity_config 0x08004979   Thumb Code    68  gd32f1x0_timer.o(.text)
    timer_channel_output_state_config        0x080049bd   Thumb Code    68  gd32f1x0_timer.o(.text)
    timer_channel_complementary_output_state_config 0x08004a01   Thumb Code    56  gd32f1x0_timer.o(.text)
    timer_channel_input_struct_para_init     0x08004a39   Thumb Code    12  gd32f1x0_timer.o(.text)
    timer_input_capture_config               0x08004a45   Thumb Code   344  gd32f1x0_timer.o(.text)
    timer_channel_input_capture_prescaler_config 0x08004b9d   Thumb Code    56  gd32f1x0_timer.o(.text)
    timer_channel_capture_value_register_read 0x08004bd5   Thumb Code    18  gd32f1x0_timer.o(.text)
    timer_input_pwm_capture_config           0x08004be9   Thumb Code   354  gd32f1x0_timer.o(.text)
    timer_hall_mode_config                   0x08004d4d   Thumb Code    30  gd32f1x0_timer.o(.text)
    timer_input_trigger_source_select        0x08004d6d   Thumb Code    16  gd32f1x0_timer.o(.text)
    timer_master_output_trigger_source_select 0x08004d7d   Thumb Code    16  gd32f1x0_timer.o(.text)
    timer_slave_mode_select                  0x08004d8d   Thumb Code    16  gd32f1x0_timer.o(.text)
    timer_master_slave_mode_config           0x08004d9d   Thumb Code    30  gd32f1x0_timer.o(.text)
    timer_external_trigger_config            0x08004dbd   Thumb Code    34  gd32f1x0_timer.o(.text)
    timer_quadrature_decoder_mode_config     0x08004de1   Thumb Code    78  gd32f1x0_timer.o(.text)
    timer_internal_clock_config              0x08004e31   Thumb Code    10  gd32f1x0_timer.o(.text)
    timer_internal_trigger_as_external_clock_config 0x08004e3d   Thumb Code    32  gd32f1x0_timer.o(.text)
    timer_external_trigger_as_external_clock_config 0x08004e5d   Thumb Code   152  gd32f1x0_timer.o(.text)
    timer_external_clock_mode0_config        0x08004ef5   Thumb Code    50  gd32f1x0_timer.o(.text)
    timer_external_clock_mode1_config        0x08004f29   Thumb Code    42  gd32f1x0_timer.o(.text)
    timer_external_clock_mode1_disable       0x08004f55   Thumb Code    10  gd32f1x0_timer.o(.text)
    timer_channel_remap_config               0x08004f61   Thumb Code     4  gd32f1x0_timer.o(.text)
    usart_deinit                             0x08004f65   Thumb Code    54  gd32f1x0_usart.o(.text)
    usart_baudrate_set                       0x08004f9d   Thumb Code    90  gd32f1x0_usart.o(.text)
    usart_parity_config                      0x08004ff9   Thumb Code    24  gd32f1x0_usart.o(.text)
    usart_word_length_set                    0x08005011   Thumb Code    24  gd32f1x0_usart.o(.text)
    usart_stop_bit_set                       0x08005029   Thumb Code    24  gd32f1x0_usart.o(.text)
    usart_enable                             0x08005041   Thumb Code    10  gd32f1x0_usart.o(.text)
    usart_disable                            0x0800504d   Thumb Code    10  gd32f1x0_usart.o(.text)
    usart_transmit_config                    0x08005059   Thumb Code    16  gd32f1x0_usart.o(.text)
    usart_receive_config                     0x08005069   Thumb Code    16  gd32f1x0_usart.o(.text)
    usart_data_transmit                      0x08005079   Thumb Code     8  gd32f1x0_usart.o(.text)
    usart_data_receive                       0x08005081   Thumb Code     8  gd32f1x0_usart.o(.text)
    usart_data_first_config                  0x08005089   Thumb Code    28  gd32f1x0_usart.o(.text)
    usart_invert_config                      0x080050a5   Thumb Code   106  gd32f1x0_usart.o(.text)
    usart_overrun_enable                     0x08005111   Thumb Code    18  gd32f1x0_usart.o(.text)
    usart_overrun_disable                    0x08005125   Thumb Code    18  gd32f1x0_usart.o(.text)
    usart_oversample_config                  0x08005139   Thumb Code    24  gd32f1x0_usart.o(.text)
    usart_sample_bit_config                  0x08005151   Thumb Code    24  gd32f1x0_usart.o(.text)
    usart_autobaud_detection_enable          0x08005169   Thumb Code    10  gd32f1x0_usart.o(.text)
    usart_autobaud_detection_disable         0x08005175   Thumb Code    10  gd32f1x0_usart.o(.text)
    usart_autobaud_detection_mode_config     0x08005181   Thumb Code    16  gd32f1x0_usart.o(.text)
    usart_mute_mode_enable                   0x08005191   Thumb Code    10  gd32f1x0_usart.o(.text)
    usart_mute_mode_disable                  0x0800519d   Thumb Code    10  gd32f1x0_usart.o(.text)
    usart_mute_mode_wakeup_config            0x080051a9   Thumb Code    24  gd32f1x0_usart.o(.text)
    usart_address_detection_mode_config      0x080051c1   Thumb Code    28  gd32f1x0_usart.o(.text)
    usart_address_config                     0x080051dd   Thumb Code    26  gd32f1x0_usart.o(.text)
    usart_receiver_timeout_enable            0x080051f9   Thumb Code    10  gd32f1x0_usart.o(.text)
    usart_receiver_timeout_disable           0x08005205   Thumb Code    10  gd32f1x0_usart.o(.text)
    usart_receiver_timeout_config            0x08005211   Thumb Code    16  gd32f1x0_usart.o(.text)
    usart_lin_mode_enable                    0x08005221   Thumb Code    18  gd32f1x0_usart.o(.text)
    usart_lin_mode_disable                   0x08005235   Thumb Code    18  gd32f1x0_usart.o(.text)
    usart_lin_break_detection_length_config  0x08005249   Thumb Code    20  gd32f1x0_usart.o(.text)
    usart_halfduplex_enable                  0x0800525d   Thumb Code    18  gd32f1x0_usart.o(.text)
    usart_halfduplex_disable                 0x08005271   Thumb Code    18  gd32f1x0_usart.o(.text)
    usart_clock_enable                       0x08005285   Thumb Code    18  gd32f1x0_usart.o(.text)
    usart_clock_disable                      0x08005299   Thumb Code    18  gd32f1x0_usart.o(.text)
    usart_synchronous_clock_config           0x080052ad   Thumb Code    60  gd32f1x0_usart.o(.text)
    usart_smartcard_mode_enable              0x080052e9   Thumb Code    18  gd32f1x0_usart.o(.text)
    usart_smartcard_mode_disable             0x080052fd   Thumb Code    18  gd32f1x0_usart.o(.text)
    usart_smartcard_mode_nack_enable         0x08005311   Thumb Code    18  gd32f1x0_usart.o(.text)
    usart_smartcard_mode_nack_disable        0x08005325   Thumb Code    18  gd32f1x0_usart.o(.text)
    usart_guard_time_config                  0x08005339   Thumb Code    28  gd32f1x0_usart.o(.text)
    usart_block_length_config                0x08005355   Thumb Code    18  gd32f1x0_usart.o(.text)
    usart_smartcard_autoretry_config         0x08005369   Thumb Code    30  gd32f1x0_usart.o(.text)
    usart_irda_mode_enable                   0x08005389   Thumb Code    18  gd32f1x0_usart.o(.text)
    usart_irda_mode_disable                  0x0800539d   Thumb Code    18  gd32f1x0_usart.o(.text)
    usart_irda_lowpower_config               0x080053b1   Thumb Code    20  gd32f1x0_usart.o(.text)
    usart_prescaler_config                   0x080053c5   Thumb Code    24  gd32f1x0_usart.o(.text)
    usart_hardware_flow_rts_config           0x080053dd   Thumb Code    24  gd32f1x0_usart.o(.text)
    usart_hardware_flow_cts_config           0x080053f5   Thumb Code    24  gd32f1x0_usart.o(.text)
    usart_rs485_driver_enable                0x0800540d   Thumb Code    18  gd32f1x0_usart.o(.text)
    usart_rs485_driver_disable               0x08005421   Thumb Code    18  gd32f1x0_usart.o(.text)
    usart_driver_assertime_config            0x08005435   Thumb Code    30  gd32f1x0_usart.o(.text)
    usart_driver_deassertime_config          0x08005455   Thumb Code    30  gd32f1x0_usart.o(.text)
    usart_depolarity_config                  0x08005475   Thumb Code    28  gd32f1x0_usart.o(.text)
    usart_dma_receive_config                 0x08005491   Thumb Code    16  gd32f1x0_usart.o(.text)
    usart_dma_transmit_config                0x080054a1   Thumb Code    16  gd32f1x0_usart.o(.text)
    usart_reception_error_dma_disable        0x080054b1   Thumb Code    18  gd32f1x0_usart.o(.text)
    usart_reception_error_dma_enable         0x080054c5   Thumb Code    18  gd32f1x0_usart.o(.text)
    usart_wakeup_enable                      0x080054d9   Thumb Code    10  gd32f1x0_usart.o(.text)
    usart_wakeup_disable                     0x080054e5   Thumb Code    10  gd32f1x0_usart.o(.text)
    usart_wakeup_mode_config                 0x080054f1   Thumb Code    28  gd32f1x0_usart.o(.text)
    usart_flag_get                           0x0800550d   Thumb Code    16  gd32f1x0_usart.o(.text)
    usart_flag_clear                         0x0800551d   Thumb Code    18  gd32f1x0_usart.o(.text)
    usart_interrupt_enable                   0x08005531   Thumb Code    24  gd32f1x0_usart.o(.text)
    usart_interrupt_disable                  0x08005549   Thumb Code    26  gd32f1x0_usart.o(.text)
    usart_command_enable                     0x08005565   Thumb Code     8  gd32f1x0_usart.o(.text)
    usart_interrupt_flag_get                 0x0800556d   Thumb Code    34  gd32f1x0_usart.o(.text)
    usart_interrupt_flag_clear               0x08005591   Thumb Code    18  gd32f1x0_usart.o(.text)
    Reset_Handler                            0x080055a5   Thumb Code     8  startup_gd32f1x0.o(.text)
    ADC_CMP_IRQHandler                       0x080055bf   Thumb Code     0  startup_gd32f1x0.o(.text)
    CAN0_RX0_IRQHandler                      0x080055bf   Thumb Code     0  startup_gd32f1x0.o(.text)
    CAN0_RX1_IRQHandler                      0x080055bf   Thumb Code     0  startup_gd32f1x0.o(.text)
    CAN0_SCE_IRQHandler                      0x080055bf   Thumb Code     0  startup_gd32f1x0.o(.text)
    CAN0_TX_IRQHandler                       0x080055bf   Thumb Code     0  startup_gd32f1x0.o(.text)
    CAN1_RX0_IRQHandler                      0x080055bf   Thumb Code     0  startup_gd32f1x0.o(.text)
    CAN1_RX1_IRQHandler                      0x080055bf   Thumb Code     0  startup_gd32f1x0.o(.text)
    CAN1_SCE_IRQHandler                      0x080055bf   Thumb Code     0  startup_gd32f1x0.o(.text)
    CAN1_TX_IRQHandler                       0x080055bf   Thumb Code     0  startup_gd32f1x0.o(.text)
    CEC_IRQHandler                           0x080055bf   Thumb Code     0  startup_gd32f1x0.o(.text)
    DMA_Channel3_4_IRQHandler                0x080055bf   Thumb Code     0  startup_gd32f1x0.o(.text)
    DMA_Channel5_6_IRQHandler                0x080055bf   Thumb Code     0  startup_gd32f1x0.o(.text)
    FMC_IRQHandler                           0x080055bf   Thumb Code     0  startup_gd32f1x0.o(.text)
    I2C0_ER_IRQHandler                       0x080055bf   Thumb Code     0  startup_gd32f1x0.o(.text)
    I2C0_EV_IRQHandler                       0x080055bf   Thumb Code     0  startup_gd32f1x0.o(.text)
    I2C1_ER_IRQHandler                       0x080055bf   Thumb Code     0  startup_gd32f1x0.o(.text)
    I2C1_EV_IRQHandler                       0x080055bf   Thumb Code     0  startup_gd32f1x0.o(.text)
    I2C2_ER_IRQHandler                       0x080055bf   Thumb Code     0  startup_gd32f1x0.o(.text)
    I2C2_EV_IRQHandler                       0x080055bf   Thumb Code     0  startup_gd32f1x0.o(.text)
    LVD_IRQHandler                           0x080055bf   Thumb Code     0  startup_gd32f1x0.o(.text)
    RCU_IRQHandler                           0x080055bf   Thumb Code     0  startup_gd32f1x0.o(.text)
    RTC_IRQHandler                           0x080055bf   Thumb Code     0  startup_gd32f1x0.o(.text)
    SLCD_IRQHandler                          0x080055bf   Thumb Code     0  startup_gd32f1x0.o(.text)
    SPI0_IRQHandler                          0x080055bf   Thumb Code     0  startup_gd32f1x0.o(.text)
    SPI1_IRQHandler                          0x080055bf   Thumb Code     0  startup_gd32f1x0.o(.text)
    SPI2_IRQHandler                          0x080055bf   Thumb Code     0  startup_gd32f1x0.o(.text)
    TIMER0_Channel_IRQHandler                0x080055bf   Thumb Code     0  startup_gd32f1x0.o(.text)
    TIMER14_IRQHandler                       0x080055bf   Thumb Code     0  startup_gd32f1x0.o(.text)
    TIMER15_IRQHandler                       0x080055bf   Thumb Code     0  startup_gd32f1x0.o(.text)
    TIMER16_IRQHandler                       0x080055bf   Thumb Code     0  startup_gd32f1x0.o(.text)
    TIMER1_IRQHandler                        0x080055bf   Thumb Code     0  startup_gd32f1x0.o(.text)
    TIMER2_IRQHandler                        0x080055bf   Thumb Code     0  startup_gd32f1x0.o(.text)
    TIMER5_DAC_IRQHandler                    0x080055bf   Thumb Code     0  startup_gd32f1x0.o(.text)
    TSI_IRQHandler                           0x080055bf   Thumb Code     0  startup_gd32f1x0.o(.text)
    USART0_IRQHandler                        0x080055bf   Thumb Code     0  startup_gd32f1x0.o(.text)
    USART1_IRQHandler                        0x080055bf   Thumb Code     0  startup_gd32f1x0.o(.text)
    USBDWakeUp_IRQHandler                    0x080055bf   Thumb Code     0  startup_gd32f1x0.o(.text)
    USBD_HP_IRQHandler                       0x080055bf   Thumb Code     0  startup_gd32f1x0.o(.text)
    USBD_LP_IRQHandler                       0x080055bf   Thumb Code     0  startup_gd32f1x0.o(.text)
    WWDGT_IRQHandler                         0x080055bf   Thumb Code     0  startup_gd32f1x0.o(.text)
    SystemInit                               0x080055c9   Thumb Code   188  system_gd32f1x0.o(.text)
    SystemCoreClockUpdate                    0x08005685   Thumb Code   112  system_gd32f1x0.o(.text)
    __aeabi_fadd                             0x08005705   Thumb Code   164  fadd.o(.text)
    __aeabi_fsub                             0x080057a9   Thumb Code     6  fadd.o(.text)
    __aeabi_frsub                            0x080057af   Thumb Code     6  fadd.o(.text)
    __aeabi_fmul                             0x080057b5   Thumb Code   100  fmul.o(.text)
    __aeabi_fdiv                             0x08005819   Thumb Code   124  fdiv.o(.text)
    __aeabi_dadd                             0x08005895   Thumb Code   322  dadd.o(.text)
    __aeabi_dsub                             0x080059d7   Thumb Code     6  dadd.o(.text)
    __aeabi_drsub                            0x080059dd   Thumb Code     6  dadd.o(.text)
    __aeabi_dmul                             0x080059e3   Thumb Code   228  dmul.o(.text)
    __aeabi_ddiv                             0x08005ac7   Thumb Code   222  ddiv.o(.text)
    __aeabi_fcmple                           0x08005ba5   Thumb Code    28  fcmple.o(.text)
    __aeabi_fcmplt                           0x08005bc1   Thumb Code    28  fcmplt.o(.text)
    __aeabi_fcmpgt                           0x08005bdd   Thumb Code    28  fcmpgt.o(.text)
    __aeabi_i2f                              0x08005bf9   Thumb Code    18  fflti.o(.text)
    __aeabi_ui2f                             0x08005c0b   Thumb Code    10  ffltui.o(.text)
    __aeabi_i2d                              0x08005c15   Thumb Code    34  dflti.o(.text)
    __aeabi_ui2d                             0x08005c37   Thumb Code    26  dfltui.o(.text)
    __aeabi_f2iz                             0x08005c51   Thumb Code    50  ffixi.o(.text)
    __aeabi_d2iz                             0x08005c83   Thumb Code    62  dfixi.o(.text)
    __aeabi_f2d                              0x08005cc1   Thumb Code    38  f2d.o(.text)
    __aeabi_d2f                              0x08005ce7   Thumb Code    56  d2f.o(.text)
    __aeabi_llsl                             0x08005d1f   Thumb Code    30  llshl.o(.text)
    _ll_shift_l                              0x08005d1f   Thumb Code     0  llshl.o(.text)
    __aeabi_llsr                             0x08005d3d   Thumb Code    32  llushr.o(.text)
    _ll_ushift_r                             0x08005d3d   Thumb Code     0  llushr.o(.text)
    __aeabi_lasr                             0x08005d5d   Thumb Code    36  llsshr.o(.text)
    _ll_sshift_r                             0x08005d5d   Thumb Code     0  llsshr.o(.text)
    __I$use$fp                               0x08005d81   Thumb Code     0  iusefp.o(.text)
    _float_round                             0x08005d81   Thumb Code    18  fepilogue.o(.text)
    _float_epilogue                          0x08005d93   Thumb Code    92  fepilogue.o(.text)
    _double_round                            0x08005def   Thumb Code    30  depilogue.o(.text)
    _double_epilogue                         0x08005e0d   Thumb Code   156  depilogue.o(.text)
    __scatterload                            0x08005ea9   Thumb Code    38  init.o(.text)
    __scatterload_rt2                        0x08005ea9   Thumb Code     0  init.o(.text)
    __scatterload_copy                       0x08005ed9   Thumb Code    14  handlers.o(i.__scatterload_copy)
    __scatterload_null                       0x08005ee7   Thumb Code     2  handlers.o(i.__scatterload_null)
    __scatterload_zeroinit                   0x08005ee9   Thumb Code    14  handlers.o(i.__scatterload_zeroinit)
    hall_to_pos                              0x08005f1e   Data           8  bldc.o(.rodata.hall_to_pos)
    lookUpTableAngle                         0x08005f28   Data         724  main.o(.rodata.lookUpTableAngle)
    Region$$Table$$Base                      0x080064cc   Number         0  anon$$obj.o(Region$$Table)
    Region$$Table$$Limit                     0x080064ec   Number         0  anon$$obj.o(Region$$Table)
    SystemCoreClock                          0x20000000   Data           4  system_gd32f1x0.o(.data.SystemCoreClock)
    batteryVoltage                           0x20000004   Data           4  bldc.o(.data.batteryVoltage)
    beepsBackwards                           0x20000008   Data           1  main.o(.data.beepsBackwards)
    currentDC                                0x2000000c   Data           4  bldc.o(.data.currentDC)
    g_Kp                                     0x20000010   Data           4  main.o(.data.g_Kp)
    iFILTER_SHIFT                            0x20000014   Data           1  bldc.o(.data.iFILTER_SHIFT)
    offsetdc                                 0x20000018   Data           2  bldc.o(.data.offsetdc)
    speedLimit                               0x2000001a   Data           2  main.o(.data.speedLimit)
    wState                                   0x2000001c   Data           1  main.o(.data.wState)
    wStateSlave                              0x2000001d   Data           1  main.o(.data.wStateSlave)
    aHallEXTI                                0x20000020   Data          12  bldcsine.o(.bss.aHallEXTI)
    adc_buffer                               0x20000042   Data           4  bldc.o(.bss.adc_buffer)
    angle_deg                                0x20000046   Data           2  bldcsine.o(.bss.angle_deg)
    angle_deg_add                            0x20000048   Data           2  bldcsine.o(.bss.angle_deg_add)
    angle_deg_final                          0x2000004a   Data           2  bldcsine.o(.bss.angle_deg_final)
    angle_idx                                0x2000004c   Data           2  bldcsine.o(.bss.angle_idx)
    bInterrupt                               0x2000004e   Data           1  bldcsine.o(.bss.bInterrupt)
    bldc_enable                              0x2000004f   Data           1  bldc.o(.bss.bldc_enable)
    bldc_inputFilterPwm                      0x20000050   Data           2  bldc.o(.bss.bldc_inputFilterPwm)
    bldc_outputFilterPwm                     0x20000052   Data           2  bldc.o(.bss.bldc_outputFilterPwm)
    buzzerFreq                               0x20000054   Data           1  bldc.o(.bss.buzzerFreq)
    buzzerPattern                            0x20000055   Data           1  bldc.o(.bss.buzzerPattern)
    buzzerTimer                              0x20000056   Data           2  bldc.o(.bss.buzzerTimer)
    buzzerToggle                             0x20000058   Data           1  bldc.o(.bss.buzzerToggle)
    dma_init_struct_adc                      0x2000005c   Data          36  setup.o(.bss.dma_init_struct_adc)
    dma_init_struct_usart                    0x20000080   Data          36  setup.o(.bss.dma_init_struct_usart)
    enable                                   0x200000a4   Data           1  main.o(.bss.enable)
    filter_reg                               0x200000a8   Data           4  bldc.o(.bss.filter_reg)
    filtered_speed                           0x200000ac   Data           4  main.o(.bss.filtered_speed)
    g_Kd                                     0x200000b0   Data           4  main.o(.bss.g_Kd)
    g_Ki                                     0x200000b4   Data           4  main.o(.bss.g_Ki)
    hall                                     0x200000b8   Data           1  bldc.o(.bss.hall)
    hall_a                                   0x200000b9   Data           1  bldc.o(.bss.hall_a)
    hall_b                                   0x200000ba   Data           1  bldc.o(.bss.hall_b)
    hall_c                                   0x200000bb   Data           1  bldc.o(.bss.hall_c)
    hall_last                                0x200000bc   Data           1  bldcsine.o(.bss.hall_last)
    hall_time_last                           0x200000be   Data           2  bldcsine.o(.bss.hall_time_last)
    hall_time_step                           0x200000c0   Data           2  bldcsine.o(.bss.hall_time_step)
    hall_time_step_LP                        0x200000c4   Data           4  bldcsine.o(.bss.hall_time_step_LP)
    hall_time_step_LPR                       0x200000c8   Data           4  bldcsine.o(.bss.hall_time_step_LPR)
    iAdcCounter                              0x200000cc   Data           4  it.o(.bss.iAdcCounter)
    iAdcTicks                                0x200000d0   Data           4  it.o(.bss.iAdcTicks)
    iAdcTicks0                               0x200000d4   Data           4  it.o(.bss.iAdcTicks0)
    iAdd                                     0x200000d8   Data           2  bldcsine.o(.bss.iAdd)
    iBug                                     0x200000dc   Data           4  main.o(.bss.iBug)
    iCounter2Usart0                          0x200000e0   Data           4  it.o(.bss.iCounter2Usart0)
    iCounterUsart0                           0x200000e4   Data           4  it.o(.bss.iCounterUsart0)
    iDT                                      0x200000e8   Data           2  bldcsine.o(.bss.iDT)
    iOdom                                    0x200000ec   Data           4  bldc.o(.bss.iOdom)
    iPwmCounter                              0x200000f0   Data           4  it.o(.bss.iPwmCounter)
    iPwmTicks                                0x200000f4   Data           4  it.o(.bss.iPwmTicks)
    iPwmTicks0                               0x200000f8   Data           4  it.o(.bss.iPwmTicks0)
    iTimeLastRx                              0x200000fc   Data           4  remoteuart.o(.bss.iTimeLastRx)
    iTimeNextLoop                            0x20000100   Data           4  main.o(.bss.iTimeNextLoop)
    iTimeNextTx                              0x20000104   Data           4  remoteuart.o(.bss.iTimeNextTx)
    inactivity_timeout_counter               0x20000108   Data           4  main.o(.bss.inactivity_timeout_counter)
    lastPos                                  0x2000010c   Data           1  bldc.o(.bss.lastPos)
    last_odom                                0x20000110   Data           4  main.o(.bss.last_odom)
    last_update_tick                         0x20000114   Data           4  main.o(.bss.last_update_tick)
    meanspeed                                0x20000118   Data           4  main.o(.bss.meanspeed)
    msTicks                                  0x2000011c   Data           4  it.o(.bss.msTicks)
    oConfig                                  0x20000120   Data          20  setup.o(.bss.oConfig)
    offsetcount                              0x20000134   Data           2  bldc.o(.bss.offsetcount)
    pid_output_speed                         0x20000138   Data           4  main.o(.bss.pid_output_speed)
    pid_speed                                0x2000013c   Data          24  main.o(.bss.pid_speed)
    pos                                      0x20000154   Data           1  bldc.o(.bss.pos)
    pwmGo                                    0x20000158   Data           4  bldcsine.o(.bss.pwmGo)
    pwmSlave                                 0x2000015c   Data           2  main.o(.bss.pwmSlave)
    realSpeed                                0x20000160   Data           4  bldc.o(.bss.realSpeed)
    sector                                   0x20000164   Data           1  bldcsine.o(.bss.sector)
    sector10x                                0x20000165   Data           1  bldcsine.o(.bss.sector10x)
    sectorChange                             0x20000166   Data           1  bldcsine.o(.bss.sectorChange)
    speed                                    0x20000168   Data           4  main.o(.bss.speed)
    speedCounter                             0x2000016c   Data           4  bldc.o(.bss.speedCounter)
    speedShutoff                             0x20000170   Data           4  main.o(.bss.speedShutoff)
    steer                                    0x20000174   Data           4  main.o(.bss.steer)
    steerCounter                             0x20000178   Data           4  main.o(.bss.steerCounter)
    timedOut                                 0x2000017c   Data           1  it.o(.bss.timedOut)
    timeoutCounter_ms                        0x20000180   Data           4  it.o(.bss.timeoutCounter_ms)
    timeoutTimer_paramter_struct             0x20000184   Data          16  setup.o(.bss.timeoutTimer_paramter_struct)
    timerBldc_break_parameter_struct         0x20000194   Data          24  setup.o(.bss.timerBldc_break_parameter_struct)
    timerBldc_oc_parameter_struct            0x200001ac   Data          16  setup.o(.bss.timerBldc_oc_parameter_struct)
    timerBldc_paramter_struct                0x200001bc   Data          16  setup.o(.bss.timerBldc_paramter_struct)
    usart0_rx_buf                            0x200001cc   Data           1  setup.o(.bss.usart0_rx_buf)
    __initial_sp                             0x200005d0   Data           0  startup_gd32f1x0.o(STACK)



==============================================================================

Memory Map of the image

  Image Entry point : 0x08000169

  Load Region LR_IROM1 (Base: 0x08000000, Size: 0x00006510, Max: 0x00010000, ABSOLUTE)

    Execution Region ER_IROM1 (Exec base: 0x08000000, Load base: 0x08000000, Size: 0x000064ec, Max: 0x00010000, ABSOLUTE)

    Exec Addr    Load Addr    Size         Type   Attr      Idx    E Section Name        Object

    0x08000000   0x08000000   0x00000168   Data   RO          315    RESET               startup_gd32f1x0.o
    0x08000168   0x08000168   0x00000000   Code   RO          332  * .ARM.Collect$$$$00000000  mc_w.l(entry.o)
    0x08000168   0x08000168   0x00000004   Code   RO          369    .ARM.Collect$$$$00000001  mc_w.l(entry2.o)
    0x0800016c   0x0800016c   0x00000004   Code   RO          372    .ARM.Collect$$$$00000004  mc_w.l(entry5.o)
    0x08000170   0x08000170   0x00000000   Code   RO          374    .ARM.Collect$$$$00000008  mc_w.l(entry7b.o)
    0x08000170   0x08000170   0x00000000   Code   RO          376    .ARM.Collect$$$$0000000A  mc_w.l(entry8b.o)
    0x08000170   0x08000170   0x00000008   Code   RO          377    .ARM.Collect$$$$0000000B  mc_w.l(entry9a.o)
    0x08000178   0x08000178   0x00000000   Code   RO          379    .ARM.Collect$$$$0000000D  mc_w.l(entry10a.o)
    0x08000178   0x08000178   0x00000000   Code   RO          381    .ARM.Collect$$$$0000000F  mc_w.l(entry11a.o)
    0x08000178   0x08000178   0x00000004   Code   RO          370    .ARM.Collect$$$$00002712  mc_w.l(entry2.o)
    0x0800017c   0x0800017c   0x00000ad8   Code   RO            1    .text               main.o
    0x08000c54   0x08000c54   0x00000508   Code   RO           38    .text               bldc.o
    0x0800115c   0x0800115c   0x000003bc   Code   RO           73    .text               bldcsine.o
    0x08001518   0x08001518   0x00000930   Code   RO          103    .text               setup.o
    0x08001e48   0x08001e48   0x000001a6   Code   RO          122    .text               it.o
    0x08001fee   0x08001fee   0x00000002   PAD
    0x08001ff0   0x08001ff0   0x0000007c   Code   RO          146    .text               comms.o
    0x0800206c   0x0800206c   0x000001bc   Code   RO          154    .text               remoteuart.o
    0x08002228   0x08002228   0x000005a6   Code   RO          184    .text               gd32f1x0_adc.o
    0x080027ce   0x080027ce   0x00000002   PAD
    0x080027d0   0x080027d0   0x0000034c   Code   RO          200    .text               gd32f1x0_dma.o
    0x08002b1c   0x08002b1c   0x0000016e   Code   RO          208    .text               gd32f1x0_exti.o
    0x08002c8a   0x08002c8a   0x00000002   PAD
    0x08002c8c   0x08002c8c   0x000009d0   Code   RO          216    .text               gd32f1x0_fmc.o
    0x0800365c   0x0800365c   0x000000e2   Code   RO          225    .text               gd32f1x0_fwdgt.o
    0x0800373e   0x0800373e   0x00000002   PAD
    0x08003740   0x08003740   0x00000198   Code   RO          233    .text               gd32f1x0_gpio.o
    0x080038d8   0x080038d8   0x0000012c   Code   RO          250    .text               gd32f1x0_misc.o
    0x08003a04   0x08003a04   0x00000724   Code   RO          271    .text               gd32f1x0_rcu.o
    0x08004128   0x08004128   0x00000102   Code   RO          280    .text               gd32f1x0_syscfg.o
    0x0800422a   0x0800422a   0x00000002   PAD
    0x0800422c   0x0800422c   0x00000d38   Code   RO          288    .text               gd32f1x0_timer.o
    0x08004f64   0x08004f64   0x0000063e   Code   RO          297    .text               gd32f1x0_usart.o
    0x080055a2   0x080055a2   0x00000002   PAD
    0x080055a4   0x080055a4   0x00000024   Code   RO          316    .text               startup_gd32f1x0.o
    0x080055c8   0x080055c8   0x0000013c   Code   RO          322    .text               system_gd32f1x0.o
    0x08005704   0x08005704   0x000000b0   Code   RO          335    .text               mf_w.l(fadd.o)
    0x080057b4   0x080057b4   0x00000064   Code   RO          337    .text               mf_w.l(fmul.o)
    0x08005818   0x08005818   0x0000007c   Code   RO          339    .text               mf_w.l(fdiv.o)
    0x08005894   0x08005894   0x0000014e   Code   RO          341    .text               mf_w.l(dadd.o)
    0x080059e2   0x080059e2   0x000000e4   Code   RO          343    .text               mf_w.l(dmul.o)
    0x08005ac6   0x08005ac6   0x000000de   Code   RO          345    .text               mf_w.l(ddiv.o)
    0x08005ba4   0x08005ba4   0x0000001c   Code   RO          347    .text               mf_w.l(fcmple.o)
    0x08005bc0   0x08005bc0   0x0000001c   Code   RO          349    .text               mf_w.l(fcmplt.o)
    0x08005bdc   0x08005bdc   0x0000001c   Code   RO          351    .text               mf_w.l(fcmpgt.o)
    0x08005bf8   0x08005bf8   0x00000012   Code   RO          353    .text               mf_w.l(fflti.o)
    0x08005c0a   0x08005c0a   0x0000000a   Code   RO          355    .text               mf_w.l(ffltui.o)
    0x08005c14   0x08005c14   0x00000022   Code   RO          357    .text               mf_w.l(dflti.o)
    0x08005c36   0x08005c36   0x0000001a   Code   RO          359    .text               mf_w.l(dfltui.o)
    0x08005c50   0x08005c50   0x00000032   Code   RO          361    .text               mf_w.l(ffixi.o)
    0x08005c82   0x08005c82   0x0000003e   Code   RO          363    .text               mf_w.l(dfixi.o)
    0x08005cc0   0x08005cc0   0x00000026   Code   RO          365    .text               mf_w.l(f2d.o)
    0x08005ce6   0x08005ce6   0x00000038   Code   RO          367    .text               mf_w.l(d2f.o)
    0x08005d1e   0x08005d1e   0x0000001e   Code   RO          383    .text               mc_w.l(llshl.o)
    0x08005d3c   0x08005d3c   0x00000020   Code   RO          385    .text               mc_w.l(llushr.o)
    0x08005d5c   0x08005d5c   0x00000024   Code   RO          387    .text               mc_w.l(llsshr.o)
    0x08005d80   0x08005d80   0x00000000   Code   RO          389    .text               mc_w.l(iusefp.o)
    0x08005d80   0x08005d80   0x0000006e   Code   RO          390    .text               mf_w.l(fepilogue.o)
    0x08005dee   0x08005dee   0x000000ba   Code   RO          392    .text               mf_w.l(depilogue.o)
    0x08005ea8   0x08005ea8   0x00000030   Code   RO          394    .text               mc_w.l(init.o)
    0x08005ed8   0x08005ed8   0x0000000e   Code   RO          398    i.__scatterload_copy  mc_w.l(handlers.o)
    0x08005ee6   0x08005ee6   0x00000002   Code   RO          399    i.__scatterload_null  mc_w.l(handlers.o)
    0x08005ee8   0x08005ee8   0x0000000e   Code   RO          400    i.__scatterload_zeroinit  mc_w.l(handlers.o)
    0x08005ef6   0x08005ef6   0x0000000c   Data   RO           56    .rodata..L__const.up_or_down.up_down  bldc.o
    0x08005f02   0x08005f02   0x0000000c   Data   RO          235    .rodata..Lswitch.table.gpio_deinit.1  gd32f1x0_gpio.o
    0x08005f0e   0x08005f0e   0x00000008   Data   RO           92    .rodata.cst8        bldcsine.o
    0x08005f16   0x08005f16   0x00000008   Data   RO          273    .rodata.cst8        gd32f1x0_rcu.o
    0x08005f1e   0x08005f1e   0x00000008   Data   RO           57    .rodata.hall_to_pos  bldc.o
    0x08005f26   0x08005f26   0x00000002   PAD
    0x08005f28   0x08005f28   0x000002d4   Data   RO           25    .rodata.lookUpTableAngle  main.o
    0x080061fc   0x080061fc   0x000002d0   Data   RO           95    .rodata.sine_table  bldcsine.o
    0x080064cc   0x080064cc   0x00000020   Data   RO          397    Region$$Table       anon$$obj.o


    Execution Region RW_IRAM1 (Exec base: 0x20000000, Load base: 0x080064f0, Size: 0x000005d0, Max: 0x00002000, ABSOLUTE)

    Exec Addr    Load Addr    Size         Type   Attr      Idx    E Section Name        Object

    0x20000000   0x080064f0   0x00000004   Data   RW          324    .data.SystemCoreClock  system_gd32f1x0.o
    0x20000004   0x080064f4   0x00000004   Data   RW           40    .data.batteryVoltage  bldc.o
    0x20000008   0x080064f8   0x00000001   Data   RW           22    .data.beepsBackwards  main.o
    0x20000009   0x080064f9   0x00000003   PAD
    0x2000000c   0x080064fc   0x00000004   Data   RW           41    .data.currentDC     bldc.o
    0x20000010   0x08006500   0x00000004   Data   RW           12    .data.g_Kp          main.o
    0x20000014   0x08006504   0x00000001   Data   RW           47    .data.iFILTER_SHIFT  bldc.o
    0x20000015   0x08006505   0x00000001   PAD
    0x20000016   0x08006506   0x00000002   Data   RW          158    .data.iReceivePos   remoteuart.o
    0x20000018   0x08006508   0x00000002   Data   RW           50    .data.offsetdc      bldc.o
    0x2000001a   0x0800650a   0x00000002   Data   RW            7    .data.speedLimit    main.o
    0x2000001c   0x0800650c   0x00000001   Data   RW           18    .data.wState        main.o
    0x2000001d   0x0800650d   0x00000001   Data   RW           19    .data.wStateSlave   main.o
    0x2000001e   0x0800650e   0x00000002   PAD
    0x20000020        -       0x0000000c   Zero   RW           83    .bss.aHallEXTI      bldcsine.o
    0x2000002c        -       0x00000015   Zero   RW          159    .bss.aReceiveBuffer  remoteuart.o
    0x20000041   0x0800650e   0x00000001   PAD
    0x20000042        -       0x00000004   Zero   RW           59    .bss.adc_buffer     bldc.o
    0x20000046        -       0x00000002   Zero   RW           78    .bss.angle_deg      bldcsine.o
    0x20000048        -       0x00000002   Zero   RW           79    .bss.angle_deg_add  bldcsine.o
    0x2000004a        -       0x00000002   Zero   RW           80    .bss.angle_deg_final  bldcsine.o
    0x2000004c        -       0x00000002   Zero   RW           81    .bss.angle_idx      bldcsine.o
    0x2000004e        -       0x00000001   Zero   RW           84    .bss.bInterrupt     bldcsine.o
    0x2000004f        -       0x00000001   Zero   RW           44    .bss.bldc_enable    bldc.o
    0x20000050        -       0x00000002   Zero   RW           43    .bss.bldc_inputFilterPwm  bldc.o
    0x20000052        -       0x00000002   Zero   RW           46    .bss.bldc_outputFilterPwm  bldc.o
    0x20000054        -       0x00000001   Zero   RW           53    .bss.buzzerFreq     bldc.o
    0x20000055        -       0x00000001   Zero   RW           54    .bss.buzzerPattern  bldc.o
    0x20000056        -       0x00000002   Zero   RW           48    .bss.buzzerTimer    bldc.o
    0x20000058        -       0x00000001   Zero   RW           52    .bss.buzzerToggle   bldc.o
    0x20000059   0x0800650e   0x00000003   PAD
    0x2000005c        -       0x00000024   Zero   RW          109    .bss.dma_init_struct_adc  setup.o
    0x20000080        -       0x00000024   Zero   RW          110    .bss.dma_init_struct_usart  setup.o
    0x200000a4        -       0x00000001   Zero   RW           26    .bss.enable         main.o
    0x200000a5   0x0800650e   0x00000003   PAD
    0x200000a8        -       0x00000004   Zero   RW           58    .bss.filter_reg     bldc.o
    0x200000ac        -       0x00000004   Zero   RW           16    .bss.filtered_speed  main.o
    0x200000b0        -       0x00000004   Zero   RW           14    .bss.g_Kd           main.o
    0x200000b4        -       0x00000004   Zero   RW           13    .bss.g_Ki           main.o
    0x200000b8        -       0x00000001   Zero   RW           45    .bss.hall           bldc.o
    0x200000b9        -       0x00000001   Zero   RW           60    .bss.hall_a         bldc.o
    0x200000ba        -       0x00000001   Zero   RW           61    .bss.hall_b         bldc.o
    0x200000bb        -       0x00000001   Zero   RW           62    .bss.hall_c         bldc.o
    0x200000bc        -       0x00000001   Zero   RW           87    .bss.hall_last      bldcsine.o
    0x200000bd   0x0800650e   0x00000001   PAD
    0x200000be        -       0x00000002   Zero   RW           85    .bss.hall_time_last  bldcsine.o
    0x200000c0        -       0x00000002   Zero   RW           86    .bss.hall_time_step  bldcsine.o
    0x200000c2   0x0800650e   0x00000002   PAD
    0x200000c4        -       0x00000004   Zero   RW           94    .bss.hall_time_step_LP  bldcsine.o
    0x200000c8        -       0x00000004   Zero   RW           93    .bss.hall_time_step_LPR  bldcsine.o
    0x200000cc        -       0x00000004   Zero   RW          132    .bss.iAdcCounter    it.o
    0x200000d0        -       0x00000004   Zero   RW          130    .bss.iAdcTicks      it.o
    0x200000d4        -       0x00000004   Zero   RW          131    .bss.iAdcTicks0     it.o
    0x200000d8        -       0x00000002   Zero   RW           91    .bss.iAdd           bldcsine.o
    0x200000da   0x0800650e   0x00000002   PAD
    0x200000dc        -       0x00000004   Zero   RW            3    .bss.iBug           main.o
    0x200000e0        -       0x00000004   Zero   RW          134    .bss.iCounter2Usart0  it.o
    0x200000e4        -       0x00000004   Zero   RW          133    .bss.iCounterUsart0  it.o
    0x200000e8        -       0x00000002   Zero   RW           90    .bss.iDT            bldcsine.o
    0x200000ea   0x0800650e   0x00000002   PAD
    0x200000ec        -       0x00000004   Zero   RW           55    .bss.iOdom          bldc.o
    0x200000f0        -       0x00000004   Zero   RW          129    .bss.iPwmCounter    it.o
    0x200000f4        -       0x00000004   Zero   RW          127    .bss.iPwmTicks      it.o
    0x200000f8        -       0x00000004   Zero   RW          128    .bss.iPwmTicks0     it.o
    0x200000fc        -       0x00000004   Zero   RW          156    .bss.iTimeLastRx    remoteuart.o
    0x20000100        -       0x00000004   Zero   RW           28    .bss.iTimeNextLoop  main.o
    0x20000104        -       0x00000004   Zero   RW          157    .bss.iTimeNextTx    remoteuart.o
    0x20000108        -       0x00000004   Zero   RW           24    .bss.inactivity_timeout_counter  main.o
    0x2000010c        -       0x00000001   Zero   RW           64    .bss.lastPos        bldc.o
    0x2000010d   0x0800650e   0x00000003   PAD
    0x20000110        -       0x00000004   Zero   RW            9    .bss.last_odom      main.o
    0x20000114        -       0x00000004   Zero   RW            8    .bss.last_update_tick  main.o
    0x20000118        -       0x00000004   Zero   RW           15    .bss.meanspeed      main.o
    0x2000011c        -       0x00000004   Zero   RW          126    .bss.msTicks        it.o
    0x20000120        -       0x00000014   Zero   RW          112    .bss.oConfig        setup.o
    0x20000134        -       0x00000002   Zero   RW           49    .bss.offsetcount    bldc.o
    0x20000136   0x0800650e   0x00000002   PAD
    0x20000138        -       0x00000004   Zero   RW           11    .bss.pid_output_speed  main.o
    0x2000013c        -       0x00000018   Zero   RW           29    .bss.pid_speed      main.o
    0x20000154        -       0x00000001   Zero   RW           63    .bss.pos            bldc.o
    0x20000155   0x0800650e   0x00000003   PAD
    0x20000158        -       0x00000004   Zero   RW           82    .bss.pwmGo          bldcsine.o
    0x2000015c        -       0x00000002   Zero   RW           27    .bss.pwmSlave       main.o
    0x2000015e   0x0800650e   0x00000002   PAD
    0x20000160        -       0x00000004   Zero   RW           42    .bss.realSpeed      bldc.o
    0x20000164        -       0x00000001   Zero   RW           76    .bss.sector         bldcsine.o
    0x20000165        -       0x00000001   Zero   RW           77    .bss.sector10x      bldcsine.o
    0x20000166        -       0x00000001   Zero   RW           75    .bss.sectorChange   bldcsine.o
    0x20000167   0x0800650e   0x00000001   PAD
    0x20000168        -       0x00000004   Zero   RW            5    .bss.speed          main.o
    0x2000016c        -       0x00000004   Zero   RW           51    .bss.speedCounter   bldc.o
    0x20000170        -       0x00000004   Zero   RW            6    .bss.speedShutoff   main.o
    0x20000174        -       0x00000004   Zero   RW           20    .bss.steer          main.o
    0x20000178        -       0x00000004   Zero   RW            4    .bss.steerCounter   main.o
    0x2000017c        -       0x00000001   Zero   RW          125    .bss.timedOut       it.o
    0x2000017d   0x0800650e   0x00000003   PAD
    0x20000180        -       0x00000004   Zero   RW          124    .bss.timeoutCounter_ms  it.o
    0x20000184        -       0x00000010   Zero   RW          105    .bss.timeoutTimer_paramter_struct  setup.o
    0x20000194        -       0x00000018   Zero   RW          108    .bss.timerBldc_break_parameter_struct  setup.o
    0x200001ac        -       0x00000010   Zero   RW          107    .bss.timerBldc_oc_parameter_struct  setup.o
    0x200001bc        -       0x00000010   Zero   RW          106    .bss.timerBldc_paramter_struct  setup.o
    0x200001cc        -       0x00000001   Zero   RW          111    .bss.usart0_rx_buf  setup.o
    0x200001cd   0x0800650e   0x00000003   PAD
    0x200001d0        -       0x00000400   Zero   RW          313    STACK               startup_gd32f1x0.o


==============================================================================

Image component sizes


      Code (inc. data)   RO Data    RW Data    ZI Data      Debug   Object Name

      1288          0         20         11         38       3836   bldc.o
       956          0        728          0         45       6489   bldcsine.o
       124          0          0          0          0       2062   comms.o
      1446         16          0          0          0       7561   gd32f1x0_adc.o
       844          8          0          0          0       6117   gd32f1x0_dma.o
       366          0          0          0          0       3166   gd32f1x0_exti.o
      2512          0          0          0          0      13151   gd32f1x0_fmc.o
       226          0          0          0          0       1969   gd32f1x0_fwdgt.o
       408          0         12          0          0       4154   gd32f1x0_gpio.o
       300          0          0          0          0       3148   gd32f1x0_misc.o
      1828         34          8          0          0      13428   gd32f1x0_rcu.o
       258          4          0          0          0       2954   gd32f1x0_syscfg.o
      3384         44          0          0          0      18383   gd32f1x0_timer.o
      1598          8          0          0          0      11829   gd32f1x0_usart.o
       422          0          0          0         41       2870   it.o
      2776          0        724          9         83       9332   main.o
       444          0          0          2         29       1870   remoteuart.o
      2352          0          0          0        165      10333   setup.o
        36          8        360          0       1024        840   startup_gd32f1x0.o
       316         16          0          4          0       1602   system_gd32f1x0.o

    ----------------------------------------------------------------------
     21896        138       1886         32       1456     125094   Object Totals
         0          0         32          0          0          0   (incl. Generated)
        12          0          2          6         31          0   (incl. Padding)

    ----------------------------------------------------------------------

      Code (inc. data)   RO Data    RW Data    ZI Data      Debug   Library Member Name

         0          0          0          0          0          0   entry.o
         0          0          0          0          0          0   entry10a.o
         0          0          0          0          0          0   entry11a.o
         8          4          0          0          0          0   entry2.o
         4          0          0          0          0          0   entry5.o
         0          0          0          0          0          0   entry7b.o
         0          0          0          0          0          0   entry8b.o
         8          4          0          0          0          0   entry9a.o
        30          0          0          0          0          0   handlers.o
        48         10          0          0          0         68   init.o
         0          0          0          0          0          0   iusefp.o
        30          0          0          0          0         68   llshl.o
        36          0          0          0          0         68   llsshr.o
        32          0          0          0          0         68   llushr.o
        56          0          0          0          0         88   d2f.o
       334          0          0          0          0        148   dadd.o
       222          0          0          0          0        100   ddiv.o
       186          0          0          0          0        176   depilogue.o
        62          0          0          0          0         80   dfixi.o
        34          0          0          0          0         76   dflti.o
        26          0          0          0          0         76   dfltui.o
       228          0          0          0          0         96   dmul.o
        38          0          0          0          0         68   f2d.o
       176          0          0          0          0        140   fadd.o
        28          0          0          0          0         68   fcmpgt.o
        28          0          0          0          0         68   fcmple.o
        28          0          0          0          0         68   fcmplt.o
       124          0          0          0          0         88   fdiv.o
       110          0          0          0          0        168   fepilogue.o
        50          0          0          0          0         68   ffixi.o
        18          0          0          0          0         68   fflti.o
        10          0          0          0          0         68   ffltui.o
       100          0          0          0          0         76   fmul.o

    ----------------------------------------------------------------------
      2054         18          0          0          0       2060   Library Totals
         0          0          0          0          0          0   (incl. Padding)

    ----------------------------------------------------------------------

      Code (inc. data)   RO Data    RW Data    ZI Data      Debug   Library Name

       196         18          0          0          0        272   mc_w.l
      1858          0          0          0          0       1788   mf_w.l

    ----------------------------------------------------------------------
      2054         18          0          0          0       2060   Library Totals

    ----------------------------------------------------------------------

==============================================================================


      Code (inc. data)   RO Data    RW Data    ZI Data      Debug   

     23950        156       1886         32       1456     125906   Grand Totals
     23950        156       1886         32       1456     125906   ELF Image Totals
     23950        156       1886         32          0          0   ROM Totals

==============================================================================

    Total RO  Size (Code + RO Data)                25836 (  25.23kB)
    Total RW  Size (RW Data + ZI Data)              1488 (   1.45kB)
    Total ROM Size (Code + RO Data + RW Data)      25868 (  25.26kB)

==============================================================================

